Archive member included because of file (symbol)

/home/greblus/altera/13.1/nios2eds/bin/gnu/H-i686-pc-linux-gnu/bin/../lib/gcc/nios2-elf/4.7.3/../../../../../H-i686-pc-linux-gnu/nios2-elf/lib/mno-hw-mul/libsmallc.a(lib_a-puts.o)
                              obj/default/hello_world.o (puts)
/home/greblus/altera/13.1/nios2eds/bin/gnu/H-i686-pc-linux-gnu/bin/../lib/gcc/nios2-elf/4.7.3/../../../../../H-i686-pc-linux-gnu/nios2-elf/lib/mno-hw-mul/libsmallc.a(lib_a-strlen.o)
                              /home/greblus/altera/13.1/nios2eds/bin/gnu/H-i686-pc-linux-gnu/bin/../lib/gcc/nios2-elf/4.7.3/../../../../../H-i686-pc-linux-gnu/nios2-elf/lib/mno-hw-mul/libsmallc.a(lib_a-puts.o) (strlen)
/home/greblus/altera/13.1/nios2eds/bin/gnu/H-i686-pc-linux-gnu/bin/../lib/gcc/nios2-elf/4.7.3/../../../../../H-i686-pc-linux-gnu/nios2-elf/lib/mno-hw-mul/libsmallc.a(lib_a-fvwrite_small_dev.o)
                              /home/greblus/altera/13.1/nios2eds/bin/gnu/H-i686-pc-linux-gnu/bin/../lib/gcc/nios2-elf/4.7.3/../../../../../H-i686-pc-linux-gnu/nios2-elf/lib/mno-hw-mul/libsmallc.a(lib_a-puts.o) (__sfvwrite_small_dev)
/home/greblus/altera/13.1/nios2eds/bin/gnu/H-i686-pc-linux-gnu/bin/../lib/gcc/nios2-elf/4.7.3/../../../../../H-i686-pc-linux-gnu/nios2-elf/lib/mno-hw-mul/libsmallc.a(lib_a-impure.o)
                              /home/greblus/altera/13.1/nios2eds/bin/gnu/H-i686-pc-linux-gnu/bin/../lib/gcc/nios2-elf/4.7.3/../../../../../H-i686-pc-linux-gnu/nios2-elf/lib/mno-hw-mul/libsmallc.a(lib_a-puts.o) (_impure_ptr)
/home/greblus/altera/13.1/nios2eds/bin/gnu/H-i686-pc-linux-gnu/bin/../lib/gcc/nios2-elf/4.7.3/../../../../../H-i686-pc-linux-gnu/nios2-elf/lib/mno-hw-mul/libsmallc.a(lib_a-writer.o)
                              /home/greblus/altera/13.1/nios2eds/bin/gnu/H-i686-pc-linux-gnu/bin/../lib/gcc/nios2-elf/4.7.3/../../../../../H-i686-pc-linux-gnu/nios2-elf/lib/mno-hw-mul/libsmallc.a(lib_a-fvwrite_small_dev.o) (_write_r)
/home/greblus/altera/13.1/nios2eds/bin/gnu/H-i686-pc-linux-gnu/bin/../lib/gcc/nios2-elf/4.7.3/../../../../../H-i686-pc-linux-gnu/nios2-elf/lib/mno-hw-mul/libsmallc.a(lib_a-int_errno.o)
                              /home/greblus/altera/13.1/nios2eds/bin/gnu/H-i686-pc-linux-gnu/bin/../lib/gcc/nios2-elf/4.7.3/../../../../../H-i686-pc-linux-gnu/nios2-elf/lib/mno-hw-mul/libsmallc.a(lib_a-writer.o) (errno)
../test1_bsp//libhal_bsp.a(alt_load.o)
                              ../test1_bsp//obj/HAL/src/crt0.o (alt_load)
../test1_bsp//libhal_bsp.a(alt_main.o)
                              ../test1_bsp//obj/HAL/src/crt0.o (alt_main)
../test1_bsp//libhal_bsp.a(alt_write.o)
                              /home/greblus/altera/13.1/nios2eds/bin/gnu/H-i686-pc-linux-gnu/bin/../lib/gcc/nios2-elf/4.7.3/../../../../../H-i686-pc-linux-gnu/nios2-elf/lib/mno-hw-mul/libsmallc.a(lib_a-writer.o) (write)
../test1_bsp//libhal_bsp.a(alt_sys_init.o)
                              ../test1_bsp//libhal_bsp.a(alt_write.o) (jtag_uart_0)
../test1_bsp//libhal_bsp.a(altera_avalon_jtag_uart_write.o)
                              ../test1_bsp//libhal_bsp.a(alt_write.o) (altera_avalon_jtag_uart_write)
../test1_bsp//libhal_bsp.a(alt_close.o)
                              ../test1_bsp//libhal_bsp.a(alt_main.o) (close)
../test1_bsp//libhal_bsp.a(alt_dcache_flush_all.o)
                              ../test1_bsp//libhal_bsp.a(alt_load.o) (alt_dcache_flush_all)
../test1_bsp//libhal_bsp.a(alt_errno.o)
                              ../test1_bsp//libhal_bsp.a(alt_write.o) (alt_errno)
../test1_bsp//libhal_bsp.a(alt_icache_flush_all.o)
                              ../test1_bsp//libhal_bsp.a(alt_load.o) (alt_icache_flush_all)
../test1_bsp//libhal_bsp.a(altera_nios2_qsys_irq.o)
                              ../test1_bsp//libhal_bsp.a(alt_sys_init.o) (altera_nios2_qsys_irq_init)
/home/greblus/altera/13.1/nios2eds/bin/gnu/H-i686-pc-linux-gnu/bin/../lib/gcc/nios2-elf/4.7.3/../../../../../H-i686-pc-linux-gnu/nios2-elf/lib/mno-hw-mul/libsmallc.a(lib_a-exit.o)
                              ../test1_bsp//libhal_bsp.a(alt_main.o) (exit)
/home/greblus/altera/13.1/nios2eds/bin/gnu/H-i686-pc-linux-gnu/bin/../lib/gcc/nios2-elf/4.7.3/../../../../../H-i686-pc-linux-gnu/nios2-elf/lib/mno-hw-mul/libsmallc.a(lib_a-__call_atexit.o)
                              /home/greblus/altera/13.1/nios2eds/bin/gnu/H-i686-pc-linux-gnu/bin/../lib/gcc/nios2-elf/4.7.3/../../../../../H-i686-pc-linux-gnu/nios2-elf/lib/mno-hw-mul/libsmallc.a(lib_a-exit.o) (__call_exitprocs)
/home/greblus/altera/13.1/nios2eds/bin/gnu/H-i686-pc-linux-gnu/bin/../lib/gcc/nios2-elf/4.7.3/mno-hw-mul/libgcc.a(lib2-mul.o)
                              /home/greblus/altera/13.1/nios2eds/bin/gnu/H-i686-pc-linux-gnu/bin/../lib/gcc/nios2-elf/4.7.3/../../../../../H-i686-pc-linux-gnu/nios2-elf/lib/mno-hw-mul/libsmallc.a(lib_a-__call_atexit.o) (__mulsi3)
../test1_bsp//libhal_bsp.a(alt_exit.o)
                              /home/greblus/altera/13.1/nios2eds/bin/gnu/H-i686-pc-linux-gnu/bin/../lib/gcc/nios2-elf/4.7.3/../../../../../H-i686-pc-linux-gnu/nios2-elf/lib/mno-hw-mul/libsmallc.a(lib_a-exit.o) (_exit)

Allocating common symbols
Common symbol       size              file

errno               0x4               /home/greblus/altera/13.1/nios2eds/bin/gnu/H-i686-pc-linux-gnu/bin/../lib/gcc/nios2-elf/4.7.3/../../../../../H-i686-pc-linux-gnu/nios2-elf/lib/mno-hw-mul/libsmallc.a(lib_a-int_errno.o)

Discarded input sections

 .gnu.warning.close
                0x00000000        0x0 ../test1_bsp//libhal_bsp.a(alt_close.o)

Memory Configuration

Name             Origin             Length             Attributes
reset            0x00002000         0x00000020
onchip_memory2_0 0x00002020         0x00001fe0
*default*        0x00000000         0xffffffff

Linker script and memory map

LOAD ../test1_bsp//obj/HAL/src/crt0.o
LOAD obj/default/hello_world.o
LOAD /home/greblus/altera/13.1/nios2eds/bin/gnu/H-i686-pc-linux-gnu/bin/../lib/gcc/nios2-elf/4.7.3/../../../../../H-i686-pc-linux-gnu/nios2-elf/lib/mno-hw-mul/libstdc++.a
LOAD /home/greblus/altera/13.1/nios2eds/bin/gnu/H-i686-pc-linux-gnu/bin/../lib/gcc/nios2-elf/4.7.3/../../../../../H-i686-pc-linux-gnu/nios2-elf/lib/mno-hw-mul/libm.a
LOAD /home/greblus/altera/13.1/nios2eds/bin/gnu/H-i686-pc-linux-gnu/bin/../lib/gcc/nios2-elf/4.7.3/mno-hw-mul/libgcc.a
START GROUP
LOAD /home/greblus/altera/13.1/nios2eds/bin/gnu/H-i686-pc-linux-gnu/bin/../lib/gcc/nios2-elf/4.7.3/../../../../../H-i686-pc-linux-gnu/nios2-elf/lib/mno-hw-mul/libsmallc.a
LOAD /home/greblus/altera/13.1/nios2eds/bin/gnu/H-i686-pc-linux-gnu/bin/../lib/gcc/nios2-elf/4.7.3/mno-hw-mul/libgcc.a
LOAD ../test1_bsp//libhal_bsp.a
END GROUP
LOAD /home/greblus/altera/13.1/nios2eds/bin/gnu/H-i686-pc-linux-gnu/bin/../lib/gcc/nios2-elf/4.7.3/mno-hw-mul/libgcc.a
                0x00002000                __alt_mem_onchip_memory2_0 = 0x2000

.entry          0x00002000       0x20
 *(.entry)
 .entry         0x00002000       0x20 ../test1_bsp//obj/HAL/src/crt0.o
                0x00002000                __reset

.exceptions     0x00002020        0x0
                0x00002020                PROVIDE (__ram_exceptions_start, ABSOLUTE (.))
                0x00002020                . = ALIGN (0x20)
 *(.irq)
 *(.exceptions.entry.label)
 *(.exceptions.entry.user)
 *(.exceptions.entry.ecc_fatal)
 *(.exceptions.entry)
 *(.exceptions.irqtest.user)
 *(.exceptions.irqtest)
 *(.exceptions.irqhandler.user)
 *(.exceptions.irqhandler)
 *(.exceptions.irqreturn.user)
 *(.exceptions.irqreturn)
 *(.exceptions.notirq.label)
 *(.exceptions.notirq.user)
 *(.exceptions.notirq)
 *(.exceptions.soft.user)
 *(.exceptions.soft)
 *(.exceptions.unknown.user)
 *(.exceptions.unknown)
 *(.exceptions.exit.label)
 *(.exceptions.exit.user)
 *(.exceptions.exit)
 *(.exceptions)
                0x00002020                PROVIDE (__ram_exceptions_end, ABSOLUTE (.))
                0x00002020                PROVIDE (__flash_exceptions_start, LOADADDR (.exceptions))

.text           0x00002020      0x8bc
                0x00002020                PROVIDE (stext, ABSOLUTE (.))
 *(.interp)
 *(.hash)
 *(.dynsym)
 *(.dynstr)
 *(.gnu.version)
 *(.gnu.version_d)
 *(.gnu.version_r)
 *(.rel.init)
 *(.rela.init)
 *(.rel.text .rel.text.* .rel.gnu.linkonce.t.*)
 *(.rela.text .rela.text.* .rela.gnu.linkonce.t.*)
 *(.rel.fini)
 *(.rela.fini)
 *(.rel.rodata .rel.rodata.* .rel.gnu.linkonce.r.*)
 *(.rela.rodata .rela.rodata.* .rela.gnu.linkonce.r.*)
 *(.rel.data .rel.data.* .rel.gnu.linkonce.d.*)
 *(.rela.data .rela.data.* .rela.gnu.linkonce.d.*)
 *(.rel.tdata .rel.tdata.* .rel.gnu.linkonce.td.*)
 *(.rela.tdata .rela.tdata.* .rela.gnu.linkonce.td.*)
 *(.rel.tbss .rel.tbss.* .rel.gnu.linkonce.tb.*)
 *(.rela.tbss .rela.tbss.* .rela.gnu.linkonce.tb.*)
 *(.rel.ctors)
 *(.rela.ctors)
 *(.rel.dtors)
 *(.rela.dtors)
 *(.rel.got)
 *(.rela.got)
 *(.rel.sdata .rel.sdata.* .rel.gnu.linkonce.s.*)
 *(.rela.sdata .rela.sdata.* .rela.gnu.linkonce.s.*)
 *(.rel.sbss .rel.sbss.* .rel.gnu.linkonce.sb.*)
 *(.rela.sbss .rela.sbss.* .rela.gnu.linkonce.sb.*)
 *(.rel.sdata2 .rel.sdata2.* .rel.gnu.linkonce.s2.*)
 *(.rela.sdata2 .rela.sdata2.* .rela.gnu.linkonce.s2.*)
 *(.rel.sbss2 .rel.sbss2.* .rel.gnu.linkonce.sb2.*)
 *(.rela.sbss2 .rela.sbss2.* .rela.gnu.linkonce.sb2.*)
 *(.rel.bss .rel.bss.* .rel.gnu.linkonce.b.*)
 *(.rela.bss .rela.bss.* .rela.gnu.linkonce.b.*)
 *(.rel.plt)
 *(.rela.plt)
 *(.rel.dyn)
 *(.init)
 *(.plt)
 *(.text .stub .text.* .gnu.linkonce.t.*)
 .text          0x00002020       0x3c ../test1_bsp//obj/HAL/src/crt0.o
                0x00002020                _start
 .text          0x0000205c       0x34 obj/default/hello_world.o
                0x0000205c                main
 .text          0x00002090       0x94 /home/greblus/altera/13.1/nios2eds/bin/gnu/H-i686-pc-linux-gnu/bin/../lib/gcc/nios2-elf/4.7.3/../../../../../H-i686-pc-linux-gnu/nios2-elf/lib/mno-hw-mul/libsmallc.a(lib_a-puts.o)
                0x00002090                _puts_r
                0x00002110                puts
 .text          0x00002124       0x28 /home/greblus/altera/13.1/nios2eds/bin/gnu/H-i686-pc-linux-gnu/bin/../lib/gcc/nios2-elf/4.7.3/../../../../../H-i686-pc-linux-gnu/nios2-elf/lib/mno-hw-mul/libsmallc.a(lib_a-strlen.o)
                0x00002124                strlen
 .text          0x0000214c       0xe0 /home/greblus/altera/13.1/nios2eds/bin/gnu/H-i686-pc-linux-gnu/bin/../lib/gcc/nios2-elf/4.7.3/../../../../../H-i686-pc-linux-gnu/nios2-elf/lib/mno-hw-mul/libsmallc.a(lib_a-fvwrite_small_dev.o)
                0x0000214c                __sfvwrite_small_dev
 .text          0x0000222c        0x0 /home/greblus/altera/13.1/nios2eds/bin/gnu/H-i686-pc-linux-gnu/bin/../lib/gcc/nios2-elf/4.7.3/../../../../../H-i686-pc-linux-gnu/nios2-elf/lib/mno-hw-mul/libsmallc.a(lib_a-impure.o)
 .text          0x0000222c       0x6c /home/greblus/altera/13.1/nios2eds/bin/gnu/H-i686-pc-linux-gnu/bin/../lib/gcc/nios2-elf/4.7.3/../../../../../H-i686-pc-linux-gnu/nios2-elf/lib/mno-hw-mul/libsmallc.a(lib_a-writer.o)
                0x0000222c                _write_r
 .text          0x00002298        0x0 /home/greblus/altera/13.1/nios2eds/bin/gnu/H-i686-pc-linux-gnu/bin/../lib/gcc/nios2-elf/4.7.3/../../../../../H-i686-pc-linux-gnu/nios2-elf/lib/mno-hw-mul/libsmallc.a(lib_a-int_errno.o)
 .text          0x00002298       0xec ../test1_bsp//libhal_bsp.a(alt_load.o)
                0x00002304                alt_load
 .text          0x00002384       0x4c ../test1_bsp//libhal_bsp.a(alt_main.o)
                0x00002384                alt_main
 .text          0x000023d0       0xe8 ../test1_bsp//libhal_bsp.a(alt_write.o)
                0x00002420                write
 .text          0x000024b8       0x50 ../test1_bsp//libhal_bsp.a(alt_sys_init.o)
                0x000024b8                alt_irq_init
                0x000024ec                alt_sys_init
 .text          0x00002508       0x98 ../test1_bsp//libhal_bsp.a(altera_avalon_jtag_uart_write.o)
                0x00002508                altera_avalon_jtag_uart_write
 .text          0x000025a0       0x88 ../test1_bsp//libhal_bsp.a(alt_close.o)
                0x000025f0                close
 .text          0x00002628       0x1c ../test1_bsp//libhal_bsp.a(alt_dcache_flush_all.o)
                0x00002628                alt_dcache_flush_all
 .text          0x00002644        0x0 ../test1_bsp//libhal_bsp.a(alt_errno.o)
 .text          0x00002644       0x1c ../test1_bsp//libhal_bsp.a(alt_icache_flush_all.o)
                0x00002644                alt_icache_flush_all
 .text          0x00002660       0x20 ../test1_bsp//libhal_bsp.a(altera_nios2_qsys_irq.o)
                0x00002660                altera_nios2_qsys_irq_init
 .text          0x00002680       0x20 /home/greblus/altera/13.1/nios2eds/bin/gnu/H-i686-pc-linux-gnu/bin/../lib/gcc/nios2-elf/4.7.3/../../../../../H-i686-pc-linux-gnu/nios2-elf/lib/mno-hw-mul/libsmallc.a(lib_a-exit.o)
                0x00002680                exit
 .text          0x000026a0      0x1d8 /home/greblus/altera/13.1/nios2eds/bin/gnu/H-i686-pc-linux-gnu/bin/../lib/gcc/nios2-elf/4.7.3/../../../../../H-i686-pc-linux-gnu/nios2-elf/lib/mno-hw-mul/libsmallc.a(lib_a-__call_atexit.o)
                0x000026a0                __call_exitprocs
 .text          0x00002878       0x28 /home/greblus/altera/13.1/nios2eds/bin/gnu/H-i686-pc-linux-gnu/bin/../lib/gcc/nios2-elf/4.7.3/mno-hw-mul/libgcc.a(lib2-mul.o)
                0x00002878                __mulsi3
 .text          0x000028a0       0x3c ../test1_bsp//libhal_bsp.a(alt_exit.o)
                0x000028a0                _exit
 *(.gnu.warning.*)
 *(.fini)
                0x000028dc                PROVIDE (__etext, ABSOLUTE (.))
                0x000028dc                PROVIDE (_etext, ABSOLUTE (.))
                0x000028dc                PROVIDE (etext, ABSOLUTE (.))
 *(.eh_frame_hdr)
                0x000028dc                . = ALIGN (0x4)
                0x000028dc                PROVIDE (__preinit_array_start, ABSOLUTE (.))
 *(.preinit_array)
                0x000028dc                PROVIDE (__preinit_array_end, ABSOLUTE (.))
                0x000028dc                PROVIDE (__init_array_start, ABSOLUTE (.))
 *(.init_array)
                0x000028dc                PROVIDE (__init_array_end, ABSOLUTE (.))
                0x000028dc                PROVIDE (__fini_array_start, ABSOLUTE (.))
 *(.fini_array)
                0x000028dc                PROVIDE (__fini_array_end, ABSOLUTE (.))
 *(.eh_frame)
 *(.gcc_except_table .gcc_except_table.*)
 *(.dynamic)
                0x000028dc                PROVIDE (__CTOR_LIST__, ABSOLUTE (.))
 *(.ctors)
 *(SORT(.ctors.*))
                0x000028dc                PROVIDE (__CTOR_END__, ABSOLUTE (.))
                0x000028dc                PROVIDE (__DTOR_LIST__, ABSOLUTE (.))
 *(.dtors)
 *(SORT(.dtors.*))
                0x000028dc                PROVIDE (__DTOR_END__, ABSOLUTE (.))
 *(.jcr)
                0x000028dc                . = ALIGN (0x4)

.rodata         0x000028dc       0x18
                0x000028dc                PROVIDE (__ram_rodata_start, ABSOLUTE (.))
                0x000028dc                . = ALIGN (0x4)
 *(.rodata .rodata.* .gnu.linkonce.r.*)
 .rodata        0x000028dc       0x14 obj/default/hello_world.o
 .rodata.str1.4
                0x000028f0        0x4 /home/greblus/altera/13.1/nios2eds/bin/gnu/H-i686-pc-linux-gnu/bin/../lib/gcc/nios2-elf/4.7.3/../../../../../H-i686-pc-linux-gnu/nios2-elf/lib/mno-hw-mul/libsmallc.a(lib_a-puts.o)
 *(.rodata1)
                0x000028f4                . = ALIGN (0x4)
                0x000028f4                PROVIDE (__ram_rodata_end, ABSOLUTE (.))
                0x000028dc                PROVIDE (__flash_rodata_start, LOADADDR (.rodata))

.rwdata         0x000028f4       0xf0 load address 0x000029e4
                0x000028f4                PROVIDE (__ram_rwdata_start, ABSOLUTE (.))
                0x000028f4                . = ALIGN (0x4)
 *(.got.plt)
 *(.got)
 *(.data1)
 *(.data .data.* .gnu.linkonce.d.*)
 .data          0x000028f4        0x0 ../test1_bsp//obj/HAL/src/crt0.o
 .data          0x000028f4        0x0 obj/default/hello_world.o
 .data          0x000028f4        0x0 /home/greblus/altera/13.1/nios2eds/bin/gnu/H-i686-pc-linux-gnu/bin/../lib/gcc/nios2-elf/4.7.3/../../../../../H-i686-pc-linux-gnu/nios2-elf/lib/mno-hw-mul/libsmallc.a(lib_a-puts.o)
 .data          0x000028f4        0x0 /home/greblus/altera/13.1/nios2eds/bin/gnu/H-i686-pc-linux-gnu/bin/../lib/gcc/nios2-elf/4.7.3/../../../../../H-i686-pc-linux-gnu/nios2-elf/lib/mno-hw-mul/libsmallc.a(lib_a-strlen.o)
 .data          0x000028f4        0x0 /home/greblus/altera/13.1/nios2eds/bin/gnu/H-i686-pc-linux-gnu/bin/../lib/gcc/nios2-elf/4.7.3/../../../../../H-i686-pc-linux-gnu/nios2-elf/lib/mno-hw-mul/libsmallc.a(lib_a-fvwrite_small_dev.o)
 .data          0x000028f4       0xe0 /home/greblus/altera/13.1/nios2eds/bin/gnu/H-i686-pc-linux-gnu/bin/../lib/gcc/nios2-elf/4.7.3/../../../../../H-i686-pc-linux-gnu/nios2-elf/lib/mno-hw-mul/libsmallc.a(lib_a-impure.o)
 .data          0x000029d4        0x0 /home/greblus/altera/13.1/nios2eds/bin/gnu/H-i686-pc-linux-gnu/bin/../lib/gcc/nios2-elf/4.7.3/../../../../../H-i686-pc-linux-gnu/nios2-elf/lib/mno-hw-mul/libsmallc.a(lib_a-writer.o)
 .data          0x000029d4        0x0 /home/greblus/altera/13.1/nios2eds/bin/gnu/H-i686-pc-linux-gnu/bin/../lib/gcc/nios2-elf/4.7.3/../../../../../H-i686-pc-linux-gnu/nios2-elf/lib/mno-hw-mul/libsmallc.a(lib_a-int_errno.o)
 .data          0x000029d4        0x0 ../test1_bsp//libhal_bsp.a(alt_load.o)
 .data          0x000029d4        0x0 ../test1_bsp//libhal_bsp.a(alt_main.o)
 .data          0x000029d4        0x0 ../test1_bsp//libhal_bsp.a(alt_write.o)
 .data          0x000029d4        0x0 ../test1_bsp//libhal_bsp.a(alt_sys_init.o)
 .data          0x000029d4        0x0 ../test1_bsp//libhal_bsp.a(altera_avalon_jtag_uart_write.o)
 .data          0x000029d4        0x0 ../test1_bsp//libhal_bsp.a(alt_close.o)
 .data          0x000029d4        0x0 ../test1_bsp//libhal_bsp.a(alt_dcache_flush_all.o)
 .data          0x000029d4        0x0 ../test1_bsp//libhal_bsp.a(alt_errno.o)
 .data          0x000029d4        0x0 ../test1_bsp//libhal_bsp.a(alt_icache_flush_all.o)
 .data          0x000029d4        0x0 ../test1_bsp//libhal_bsp.a(altera_nios2_qsys_irq.o)
 .data          0x000029d4        0x0 /home/greblus/altera/13.1/nios2eds/bin/gnu/H-i686-pc-linux-gnu/bin/../lib/gcc/nios2-elf/4.7.3/../../../../../H-i686-pc-linux-gnu/nios2-elf/lib/mno-hw-mul/libsmallc.a(lib_a-exit.o)
 .data          0x000029d4        0x0 /home/greblus/altera/13.1/nios2eds/bin/gnu/H-i686-pc-linux-gnu/bin/../lib/gcc/nios2-elf/4.7.3/../../../../../H-i686-pc-linux-gnu/nios2-elf/lib/mno-hw-mul/libsmallc.a(lib_a-__call_atexit.o)
 .data          0x000029d4        0x0 /home/greblus/altera/13.1/nios2eds/bin/gnu/H-i686-pc-linux-gnu/bin/../lib/gcc/nios2-elf/4.7.3/mno-hw-mul/libgcc.a(lib2-mul.o)
 .data          0x000029d4        0x0 ../test1_bsp//libhal_bsp.a(alt_exit.o)
                0x0000a9d4                _gp = ABSOLUTE ((. + 0x8000))
                0x0000a9d4                PROVIDE (gp, _gp)
 *(.rwdata .rwdata.*)
 *(.sdata .sdata.* .gnu.linkonce.s.*)
 .sdata         0x000029d4        0x8 /home/greblus/altera/13.1/nios2eds/bin/gnu/H-i686-pc-linux-gnu/bin/../lib/gcc/nios2-elf/4.7.3/../../../../../H-i686-pc-linux-gnu/nios2-elf/lib/mno-hw-mul/libsmallc.a(lib_a-impure.o)
                0x000029d4                _global_impure_ptr
                0x000029d8                _impure_ptr
 .sdata         0x000029dc        0x4 ../test1_bsp//libhal_bsp.a(alt_sys_init.o)
                0x000029dc                jtag_uart_0
 .sdata         0x000029e0        0x4 ../test1_bsp//libhal_bsp.a(alt_errno.o)
                0x000029e0                alt_errno
 *(.sdata2 .sdata2.* .gnu.linkonce.s2.*)
                0x000029e4                . = ALIGN (0x4)
                0x000029e4                _edata = ABSOLUTE (.)
                0x000029e4                PROVIDE (edata, ABSOLUTE (.))
                0x000029e4                PROVIDE (__ram_rwdata_end, ABSOLUTE (.))
                0x000029e4                PROVIDE (__flash_rwdata_start, LOADADDR (.rwdata))

.bss            0x00002ad4       0x10
                0x00002ad4                __bss_start = ABSOLUTE (.)
                0x00002ad4                PROVIDE (__sbss_start, ABSOLUTE (.))
                0x00002ad4                PROVIDE (___sbss_start, ABSOLUTE (.))
 *(.dynsbss)
 *(.sbss .sbss.* .gnu.linkonce.sb.*)
 .sbss          0x00002ad4        0x4 /home/greblus/altera/13.1/nios2eds/bin/gnu/H-i686-pc-linux-gnu/bin/../lib/gcc/nios2-elf/4.7.3/../../../../../H-i686-pc-linux-gnu/nios2-elf/lib/mno-hw-mul/libsmallc.a(lib_a-int_errno.o)
                0x00002ad4                errno
 .sbss          0x00002ad8        0xc ../test1_bsp//libhal_bsp.a(alt_main.o)
                0x00002ad8                alt_argc
                0x00002adc                alt_argv
                0x00002ae0                alt_envp
 *(.sbss2 .sbss2.* .gnu.linkonce.sb2.*)
 *(.scommon)
                0x00002ae4                PROVIDE (__sbss_end, ABSOLUTE (.))
                0x00002ae4                PROVIDE (___sbss_end, ABSOLUTE (.))
 *(.dynbss)
 *(.bss .bss.* .gnu.linkonce.b.*)
 .bss           0x00002ae4        0x0 ../test1_bsp//obj/HAL/src/crt0.o
 .bss           0x00002ae4        0x0 obj/default/hello_world.o
 .bss           0x00002ae4        0x0 /home/greblus/altera/13.1/nios2eds/bin/gnu/H-i686-pc-linux-gnu/bin/../lib/gcc/nios2-elf/4.7.3/../../../../../H-i686-pc-linux-gnu/nios2-elf/lib/mno-hw-mul/libsmallc.a(lib_a-puts.o)
 .bss           0x00002ae4        0x0 /home/greblus/altera/13.1/nios2eds/bin/gnu/H-i686-pc-linux-gnu/bin/../lib/gcc/nios2-elf/4.7.3/../../../../../H-i686-pc-linux-gnu/nios2-elf/lib/mno-hw-mul/libsmallc.a(lib_a-strlen.o)
 .bss           0x00002ae4        0x0 /home/greblus/altera/13.1/nios2eds/bin/gnu/H-i686-pc-linux-gnu/bin/../lib/gcc/nios2-elf/4.7.3/../../../../../H-i686-pc-linux-gnu/nios2-elf/lib/mno-hw-mul/libsmallc.a(lib_a-fvwrite_small_dev.o)
 .bss           0x00002ae4        0x0 /home/greblus/altera/13.1/nios2eds/bin/gnu/H-i686-pc-linux-gnu/bin/../lib/gcc/nios2-elf/4.7.3/../../../../../H-i686-pc-linux-gnu/nios2-elf/lib/mno-hw-mul/libsmallc.a(lib_a-impure.o)
 .bss           0x00002ae4        0x0 /home/greblus/altera/13.1/nios2eds/bin/gnu/H-i686-pc-linux-gnu/bin/../lib/gcc/nios2-elf/4.7.3/../../../../../H-i686-pc-linux-gnu/nios2-elf/lib/mno-hw-mul/libsmallc.a(lib_a-writer.o)
 .bss           0x00002ae4        0x0 /home/greblus/altera/13.1/nios2eds/bin/gnu/H-i686-pc-linux-gnu/bin/../lib/gcc/nios2-elf/4.7.3/../../../../../H-i686-pc-linux-gnu/nios2-elf/lib/mno-hw-mul/libsmallc.a(lib_a-int_errno.o)
 .bss           0x00002ae4        0x0 ../test1_bsp//libhal_bsp.a(alt_load.o)
 .bss           0x00002ae4        0x0 ../test1_bsp//libhal_bsp.a(alt_main.o)
 .bss           0x00002ae4        0x0 ../test1_bsp//libhal_bsp.a(alt_write.o)
 .bss           0x00002ae4        0x0 ../test1_bsp//libhal_bsp.a(alt_sys_init.o)
 .bss           0x00002ae4        0x0 ../test1_bsp//libhal_bsp.a(altera_avalon_jtag_uart_write.o)
 .bss           0x00002ae4        0x0 ../test1_bsp//libhal_bsp.a(alt_close.o)
 .bss           0x00002ae4        0x0 ../test1_bsp//libhal_bsp.a(alt_dcache_flush_all.o)
 .bss           0x00002ae4        0x0 ../test1_bsp//libhal_bsp.a(alt_errno.o)
 .bss           0x00002ae4        0x0 ../test1_bsp//libhal_bsp.a(alt_icache_flush_all.o)
 .bss           0x00002ae4        0x0 ../test1_bsp//libhal_bsp.a(altera_nios2_qsys_irq.o)
 .bss           0x00002ae4        0x0 /home/greblus/altera/13.1/nios2eds/bin/gnu/H-i686-pc-linux-gnu/bin/../lib/gcc/nios2-elf/4.7.3/../../../../../H-i686-pc-linux-gnu/nios2-elf/lib/mno-hw-mul/libsmallc.a(lib_a-exit.o)
 .bss           0x00002ae4        0x0 /home/greblus/altera/13.1/nios2eds/bin/gnu/H-i686-pc-linux-gnu/bin/../lib/gcc/nios2-elf/4.7.3/../../../../../H-i686-pc-linux-gnu/nios2-elf/lib/mno-hw-mul/libsmallc.a(lib_a-__call_atexit.o)
 .bss           0x00002ae4        0x0 /home/greblus/altera/13.1/nios2eds/bin/gnu/H-i686-pc-linux-gnu/bin/../lib/gcc/nios2-elf/4.7.3/mno-hw-mul/libgcc.a(lib2-mul.o)
 .bss           0x00002ae4        0x0 ../test1_bsp//libhal_bsp.a(alt_exit.o)
 *(COMMON)
                0x00002ae4                . = ALIGN (0x4)
                0x00002ae4                __bss_end = ABSOLUTE (.)

.onchip_memory2_0
                0x00002ae4        0x0
                0x00002ae4                PROVIDE (_alt_partition_onchip_memory2_0_start, ABSOLUTE (.))
 *(.onchip_memory2_0 .onchip_memory2_0. onchip_memory2_0.*)
                0x00002ae4                . = ALIGN (0x4)
                0x00002ae4                PROVIDE (_alt_partition_onchip_memory2_0_end, ABSOLUTE (.))
                0x00002ae4                _end = ABSOLUTE (.)
                0x00002ae4                end = ABSOLUTE (.)
                0x00002ae4                __alt_stack_base = ABSOLUTE (.)
                0x00002ae4                PROVIDE (_alt_partition_onchip_memory2_0_load_addr, LOADADDR (.onchip_memory2_0))

.stab
 *(.stab)

.stabstr
 *(.stabstr)

.stab.excl
 *(.stab.excl)

.stab.exclstr
 *(.stab.exclstr)

.stab.index
 *(.stab.index)

.stab.indexstr
 *(.stab.indexstr)

.comment        0x00000000       0x23
 *(.comment)
 .comment       0x00000000       0x23 obj/default/hello_world.o
                                 0x24 (size before relaxing)
 .comment       0x00000000       0x24 /home/greblus/altera/13.1/nios2eds/bin/gnu/H-i686-pc-linux-gnu/bin/../lib/gcc/nios2-elf/4.7.3/../../../../../H-i686-pc-linux-gnu/nios2-elf/lib/mno-hw-mul/libsmallc.a(lib_a-puts.o)
 .comment       0x00000000       0x24 /home/greblus/altera/13.1/nios2eds/bin/gnu/H-i686-pc-linux-gnu/bin/../lib/gcc/nios2-elf/4.7.3/../../../../../H-i686-pc-linux-gnu/nios2-elf/lib/mno-hw-mul/libsmallc.a(lib_a-strlen.o)
 .comment       0x00000000       0x24 /home/greblus/altera/13.1/nios2eds/bin/gnu/H-i686-pc-linux-gnu/bin/../lib/gcc/nios2-elf/4.7.3/../../../../../H-i686-pc-linux-gnu/nios2-elf/lib/mno-hw-mul/libsmallc.a(lib_a-fvwrite_small_dev.o)
 .comment       0x00000000       0x24 /home/greblus/altera/13.1/nios2eds/bin/gnu/H-i686-pc-linux-gnu/bin/../lib/gcc/nios2-elf/4.7.3/../../../../../H-i686-pc-linux-gnu/nios2-elf/lib/mno-hw-mul/libsmallc.a(lib_a-impure.o)
 .comment       0x00000000       0x24 /home/greblus/altera/13.1/nios2eds/bin/gnu/H-i686-pc-linux-gnu/bin/../lib/gcc/nios2-elf/4.7.3/../../../../../H-i686-pc-linux-gnu/nios2-elf/lib/mno-hw-mul/libsmallc.a(lib_a-writer.o)
 .comment       0x00000000       0x24 /home/greblus/altera/13.1/nios2eds/bin/gnu/H-i686-pc-linux-gnu/bin/../lib/gcc/nios2-elf/4.7.3/../../../../../H-i686-pc-linux-gnu/nios2-elf/lib/mno-hw-mul/libsmallc.a(lib_a-int_errno.o)
 .comment       0x00000000       0x24 ../test1_bsp//libhal_bsp.a(alt_load.o)
 .comment       0x00000000       0x24 ../test1_bsp//libhal_bsp.a(alt_main.o)
 .comment       0x00000000       0x24 ../test1_bsp//libhal_bsp.a(alt_write.o)
 .comment       0x00000000       0x24 ../test1_bsp//libhal_bsp.a(alt_sys_init.o)
 .comment       0x00000000       0x24 ../test1_bsp//libhal_bsp.a(altera_avalon_jtag_uart_write.o)
 .comment       0x00000000       0x24 ../test1_bsp//libhal_bsp.a(alt_close.o)
 .comment       0x00000000       0x24 ../test1_bsp//libhal_bsp.a(alt_dcache_flush_all.o)
 .comment       0x00000000       0x24 ../test1_bsp//libhal_bsp.a(alt_errno.o)
 .comment       0x00000000       0x24 ../test1_bsp//libhal_bsp.a(alt_icache_flush_all.o)
 .comment       0x00000000       0x24 ../test1_bsp//libhal_bsp.a(altera_nios2_qsys_irq.o)
 .comment       0x00000000       0x24 /home/greblus/altera/13.1/nios2eds/bin/gnu/H-i686-pc-linux-gnu/bin/../lib/gcc/nios2-elf/4.7.3/../../../../../H-i686-pc-linux-gnu/nios2-elf/lib/mno-hw-mul/libsmallc.a(lib_a-exit.o)
 .comment       0x00000000       0x24 /home/greblus/altera/13.1/nios2eds/bin/gnu/H-i686-pc-linux-gnu/bin/../lib/gcc/nios2-elf/4.7.3/../../../../../H-i686-pc-linux-gnu/nios2-elf/lib/mno-hw-mul/libsmallc.a(lib_a-__call_atexit.o)
 .comment       0x00000000       0x24 /home/greblus/altera/13.1/nios2eds/bin/gnu/H-i686-pc-linux-gnu/bin/../lib/gcc/nios2-elf/4.7.3/mno-hw-mul/libgcc.a(lib2-mul.o)
 .comment       0x00000000       0x24 ../test1_bsp//libhal_bsp.a(alt_exit.o)

.debug
 *(.debug)

.line
 *(.line)

.debug_srcinfo
 *(.debug_srcinfo)

.debug_sfnames
 *(.debug_sfnames)

.debug_aranges  0x00000000      0x2b0
 *(.debug_aranges)
 .debug_aranges
                0x00000000       0x28 ../test1_bsp//obj/HAL/src/crt0.o
 .debug_aranges
                0x00000028       0x20 obj/default/hello_world.o
 .debug_aranges
                0x00000048       0x20 /home/greblus/altera/13.1/nios2eds/bin/gnu/H-i686-pc-linux-gnu/bin/../lib/gcc/nios2-elf/4.7.3/../../../../../H-i686-pc-linux-gnu/nios2-elf/lib/mno-hw-mul/libsmallc.a(lib_a-puts.o)
 .debug_aranges
                0x00000068       0x20 /home/greblus/altera/13.1/nios2eds/bin/gnu/H-i686-pc-linux-gnu/bin/../lib/gcc/nios2-elf/4.7.3/../../../../../H-i686-pc-linux-gnu/nios2-elf/lib/mno-hw-mul/libsmallc.a(lib_a-strlen.o)
 .debug_aranges
                0x00000088       0x20 /home/greblus/altera/13.1/nios2eds/bin/gnu/H-i686-pc-linux-gnu/bin/../lib/gcc/nios2-elf/4.7.3/../../../../../H-i686-pc-linux-gnu/nios2-elf/lib/mno-hw-mul/libsmallc.a(lib_a-fvwrite_small_dev.o)
 .debug_aranges
                0x000000a8       0x18 /home/greblus/altera/13.1/nios2eds/bin/gnu/H-i686-pc-linux-gnu/bin/../lib/gcc/nios2-elf/4.7.3/../../../../../H-i686-pc-linux-gnu/nios2-elf/lib/mno-hw-mul/libsmallc.a(lib_a-impure.o)
 .debug_aranges
                0x000000c0       0x20 /home/greblus/altera/13.1/nios2eds/bin/gnu/H-i686-pc-linux-gnu/bin/../lib/gcc/nios2-elf/4.7.3/../../../../../H-i686-pc-linux-gnu/nios2-elf/lib/mno-hw-mul/libsmallc.a(lib_a-writer.o)
 .debug_aranges
                0x000000e0       0x18 /home/greblus/altera/13.1/nios2eds/bin/gnu/H-i686-pc-linux-gnu/bin/../lib/gcc/nios2-elf/4.7.3/../../../../../H-i686-pc-linux-gnu/nios2-elf/lib/mno-hw-mul/libsmallc.a(lib_a-int_errno.o)
 .debug_aranges
                0x000000f8       0x20 ../test1_bsp//libhal_bsp.a(alt_load.o)
 .debug_aranges
                0x00000118       0x20 ../test1_bsp//libhal_bsp.a(alt_main.o)
 .debug_aranges
                0x00000138       0x20 ../test1_bsp//libhal_bsp.a(alt_write.o)
 .debug_aranges
                0x00000158       0x20 ../test1_bsp//libhal_bsp.a(alt_sys_init.o)
 .debug_aranges
                0x00000178       0x20 ../test1_bsp//libhal_bsp.a(altera_avalon_jtag_uart_write.o)
 .debug_aranges
                0x00000198       0x20 ../test1_bsp//libhal_bsp.a(alt_close.o)
 .debug_aranges
                0x000001b8       0x20 ../test1_bsp//libhal_bsp.a(alt_dcache_flush_all.o)
 .debug_aranges
                0x000001d8       0x18 ../test1_bsp//libhal_bsp.a(alt_errno.o)
 .debug_aranges
                0x000001f0       0x20 ../test1_bsp//libhal_bsp.a(alt_icache_flush_all.o)
 .debug_aranges
                0x00000210       0x20 ../test1_bsp//libhal_bsp.a(altera_nios2_qsys_irq.o)
 .debug_aranges
                0x00000230       0x20 /home/greblus/altera/13.1/nios2eds/bin/gnu/H-i686-pc-linux-gnu/bin/../lib/gcc/nios2-elf/4.7.3/../../../../../H-i686-pc-linux-gnu/nios2-elf/lib/mno-hw-mul/libsmallc.a(lib_a-exit.o)
 .debug_aranges
                0x00000250       0x20 /home/greblus/altera/13.1/nios2eds/bin/gnu/H-i686-pc-linux-gnu/bin/../lib/gcc/nios2-elf/4.7.3/../../../../../H-i686-pc-linux-gnu/nios2-elf/lib/mno-hw-mul/libsmallc.a(lib_a-__call_atexit.o)
 .debug_aranges
                0x00000270       0x20 /home/greblus/altera/13.1/nios2eds/bin/gnu/H-i686-pc-linux-gnu/bin/../lib/gcc/nios2-elf/4.7.3/mno-hw-mul/libgcc.a(lib2-mul.o)
 .debug_aranges
                0x00000290       0x20 ../test1_bsp//libhal_bsp.a(alt_exit.o)

.debug_pubnames
 *(.debug_pubnames)

.debug_info     0x00000000     0x3180
 *(.debug_info .gnu.linkonce.wi.*)
 .debug_info    0x00000000       0x68 ../test1_bsp//obj/HAL/src/crt0.o
 .debug_info    0x00000068       0x93 obj/default/hello_world.o
 .debug_info    0x000000fb      0x6f4 /home/greblus/altera/13.1/nios2eds/bin/gnu/H-i686-pc-linux-gnu/bin/../lib/gcc/nios2-elf/4.7.3/../../../../../H-i686-pc-linux-gnu/nios2-elf/lib/mno-hw-mul/libsmallc.a(lib_a-puts.o)
 .debug_info    0x000007ef       0xc6 /home/greblus/altera/13.1/nios2eds/bin/gnu/H-i686-pc-linux-gnu/bin/../lib/gcc/nios2-elf/4.7.3/../../../../../H-i686-pc-linux-gnu/nios2-elf/lib/mno-hw-mul/libsmallc.a(lib_a-strlen.o)
 .debug_info    0x000008b5      0x6d9 /home/greblus/altera/13.1/nios2eds/bin/gnu/H-i686-pc-linux-gnu/bin/../lib/gcc/nios2-elf/4.7.3/../../../../../H-i686-pc-linux-gnu/nios2-elf/lib/mno-hw-mul/libsmallc.a(lib_a-fvwrite_small_dev.o)
 .debug_info    0x00000f8e      0x631 /home/greblus/altera/13.1/nios2eds/bin/gnu/H-i686-pc-linux-gnu/bin/../lib/gcc/nios2-elf/4.7.3/../../../../../H-i686-pc-linux-gnu/nios2-elf/lib/mno-hw-mul/libsmallc.a(lib_a-impure.o)
 .debug_info    0x000015bf      0x6cb /home/greblus/altera/13.1/nios2eds/bin/gnu/H-i686-pc-linux-gnu/bin/../lib/gcc/nios2-elf/4.7.3/../../../../../H-i686-pc-linux-gnu/nios2-elf/lib/mno-hw-mul/libsmallc.a(lib_a-writer.o)
 .debug_info    0x00001c8a       0x84 /home/greblus/altera/13.1/nios2eds/bin/gnu/H-i686-pc-linux-gnu/bin/../lib/gcc/nios2-elf/4.7.3/../../../../../H-i686-pc-linux-gnu/nios2-elf/lib/mno-hw-mul/libsmallc.a(lib_a-int_errno.o)
 .debug_info    0x00001d0e      0x135 ../test1_bsp//libhal_bsp.a(alt_load.o)
 .debug_info    0x00001e43      0x139 ../test1_bsp//libhal_bsp.a(alt_main.o)
 .debug_info    0x00001f7c      0x1b5 ../test1_bsp//libhal_bsp.a(alt_write.o)
 .debug_info    0x00002131      0x180 ../test1_bsp//libhal_bsp.a(alt_sys_init.o)
 .debug_info    0x000022b1      0x19f ../test1_bsp//libhal_bsp.a(altera_avalon_jtag_uart_write.o)
 .debug_info    0x00002450      0x133 ../test1_bsp//libhal_bsp.a(alt_close.o)
 .debug_info    0x00002583       0x90 ../test1_bsp//libhal_bsp.a(alt_dcache_flush_all.o)
 .debug_info    0x00002613       0xa3 ../test1_bsp//libhal_bsp.a(alt_errno.o)
 .debug_info    0x000026b6       0x90 ../test1_bsp//libhal_bsp.a(alt_icache_flush_all.o)
 .debug_info    0x00002746       0x90 ../test1_bsp//libhal_bsp.a(altera_nios2_qsys_irq.o)
 .debug_info    0x000027d6       0xf8 /home/greblus/altera/13.1/nios2eds/bin/gnu/H-i686-pc-linux-gnu/bin/../lib/gcc/nios2-elf/4.7.3/../../../../../H-i686-pc-linux-gnu/nios2-elf/lib/mno-hw-mul/libsmallc.a(lib_a-exit.o)
 .debug_info    0x000028ce      0x70e /home/greblus/altera/13.1/nios2eds/bin/gnu/H-i686-pc-linux-gnu/bin/../lib/gcc/nios2-elf/4.7.3/../../../../../H-i686-pc-linux-gnu/nios2-elf/lib/mno-hw-mul/libsmallc.a(lib_a-__call_atexit.o)
 .debug_info    0x00002fdc       0xb8 /home/greblus/altera/13.1/nios2eds/bin/gnu/H-i686-pc-linux-gnu/bin/../lib/gcc/nios2-elf/4.7.3/mno-hw-mul/libgcc.a(lib2-mul.o)
 .debug_info    0x00003094       0xec ../test1_bsp//libhal_bsp.a(alt_exit.o)

.debug_abbrev   0x00000000     0x10ea
 *(.debug_abbrev)
 .debug_abbrev  0x00000000       0x12 ../test1_bsp//obj/HAL/src/crt0.o
 .debug_abbrev  0x00000012       0x42 obj/default/hello_world.o
 .debug_abbrev  0x00000054      0x1d4 /home/greblus/altera/13.1/nios2eds/bin/gnu/H-i686-pc-linux-gnu/bin/../lib/gcc/nios2-elf/4.7.3/../../../../../H-i686-pc-linux-gnu/nios2-elf/lib/mno-hw-mul/libsmallc.a(lib_a-puts.o)
 .debug_abbrev  0x00000228       0x7f /home/greblus/altera/13.1/nios2eds/bin/gnu/H-i686-pc-linux-gnu/bin/../lib/gcc/nios2-elf/4.7.3/../../../../../H-i686-pc-linux-gnu/nios2-elf/lib/mno-hw-mul/libsmallc.a(lib_a-strlen.o)
 .debug_abbrev  0x000002a7      0x1a8 /home/greblus/altera/13.1/nios2eds/bin/gnu/H-i686-pc-linux-gnu/bin/../lib/gcc/nios2-elf/4.7.3/../../../../../H-i686-pc-linux-gnu/nios2-elf/lib/mno-hw-mul/libsmallc.a(lib_a-fvwrite_small_dev.o)
 .debug_abbrev  0x0000044f      0x13b /home/greblus/altera/13.1/nios2eds/bin/gnu/H-i686-pc-linux-gnu/bin/../lib/gcc/nios2-elf/4.7.3/../../../../../H-i686-pc-linux-gnu/nios2-elf/lib/mno-hw-mul/libsmallc.a(lib_a-impure.o)
 .debug_abbrev  0x0000058a      0x199 /home/greblus/altera/13.1/nios2eds/bin/gnu/H-i686-pc-linux-gnu/bin/../lib/gcc/nios2-elf/4.7.3/../../../../../H-i686-pc-linux-gnu/nios2-elf/lib/mno-hw-mul/libsmallc.a(lib_a-writer.o)
 .debug_abbrev  0x00000723       0x37 /home/greblus/altera/13.1/nios2eds/bin/gnu/H-i686-pc-linux-gnu/bin/../lib/gcc/nios2-elf/4.7.3/../../../../../H-i686-pc-linux-gnu/nios2-elf/lib/mno-hw-mul/libsmallc.a(lib_a-int_errno.o)
 .debug_abbrev  0x0000075a       0x9d ../test1_bsp//libhal_bsp.a(alt_load.o)
 .debug_abbrev  0x000007f7       0xba ../test1_bsp//libhal_bsp.a(alt_main.o)
 .debug_abbrev  0x000008b1       0xf9 ../test1_bsp//libhal_bsp.a(alt_write.o)
 .debug_abbrev  0x000009aa       0xe9 ../test1_bsp//libhal_bsp.a(alt_sys_init.o)
 .debug_abbrev  0x00000a93       0xd5 ../test1_bsp//libhal_bsp.a(altera_avalon_jtag_uart_write.o)
 .debug_abbrev  0x00000b68       0xbb ../test1_bsp//libhal_bsp.a(alt_close.o)
 .debug_abbrev  0x00000c23       0x42 ../test1_bsp//libhal_bsp.a(alt_dcache_flush_all.o)
 .debug_abbrev  0x00000c65       0x5a ../test1_bsp//libhal_bsp.a(alt_errno.o)
 .debug_abbrev  0x00000cbf       0x42 ../test1_bsp//libhal_bsp.a(alt_icache_flush_all.o)
 .debug_abbrev  0x00000d01       0x42 ../test1_bsp//libhal_bsp.a(altera_nios2_qsys_irq.o)
 .debug_abbrev  0x00000d43       0xa9 /home/greblus/altera/13.1/nios2eds/bin/gnu/H-i686-pc-linux-gnu/bin/../lib/gcc/nios2-elf/4.7.3/../../../../../H-i686-pc-linux-gnu/nios2-elf/lib/mno-hw-mul/libsmallc.a(lib_a-exit.o)
 .debug_abbrev  0x00000dec      0x1e9 /home/greblus/altera/13.1/nios2eds/bin/gnu/H-i686-pc-linux-gnu/bin/../lib/gcc/nios2-elf/4.7.3/../../../../../H-i686-pc-linux-gnu/nios2-elf/lib/mno-hw-mul/libsmallc.a(lib_a-__call_atexit.o)
 .debug_abbrev  0x00000fd5       0x6f /home/greblus/altera/13.1/nios2eds/bin/gnu/H-i686-pc-linux-gnu/bin/../lib/gcc/nios2-elf/4.7.3/mno-hw-mul/libgcc.a(lib2-mul.o)
 .debug_abbrev  0x00001044       0xa6 ../test1_bsp//libhal_bsp.a(alt_exit.o)

.debug_line     0x00000000     0x1627
 *(.debug_line)
 .debug_line    0x00000000       0x66 ../test1_bsp//obj/HAL/src/crt0.o
 .debug_line    0x00000066       0x40 obj/default/hello_world.o
 .debug_line    0x000000a6      0x212 /home/greblus/altera/13.1/nios2eds/bin/gnu/H-i686-pc-linux-gnu/bin/../lib/gcc/nios2-elf/4.7.3/../../../../../H-i686-pc-linux-gnu/nios2-elf/lib/mno-hw-mul/libsmallc.a(lib_a-puts.o)
 .debug_line    0x000002b8      0x174 /home/greblus/altera/13.1/nios2eds/bin/gnu/H-i686-pc-linux-gnu/bin/../lib/gcc/nios2-elf/4.7.3/../../../../../H-i686-pc-linux-gnu/nios2-elf/lib/mno-hw-mul/libsmallc.a(lib_a-strlen.o)
 .debug_line    0x0000042c      0x225 /home/greblus/altera/13.1/nios2eds/bin/gnu/H-i686-pc-linux-gnu/bin/../lib/gcc/nios2-elf/4.7.3/../../../../../H-i686-pc-linux-gnu/nios2-elf/lib/mno-hw-mul/libsmallc.a(lib_a-fvwrite_small_dev.o)
 .debug_line    0x00000651      0x16c /home/greblus/altera/13.1/nios2eds/bin/gnu/H-i686-pc-linux-gnu/bin/../lib/gcc/nios2-elf/4.7.3/../../../../../H-i686-pc-linux-gnu/nios2-elf/lib/mno-hw-mul/libsmallc.a(lib_a-impure.o)
 .debug_line    0x000007bd      0x20c /home/greblus/altera/13.1/nios2eds/bin/gnu/H-i686-pc-linux-gnu/bin/../lib/gcc/nios2-elf/4.7.3/../../../../../H-i686-pc-linux-gnu/nios2-elf/lib/mno-hw-mul/libsmallc.a(lib_a-writer.o)
 .debug_line    0x000009c9       0x60 /home/greblus/altera/13.1/nios2eds/bin/gnu/H-i686-pc-linux-gnu/bin/../lib/gcc/nios2-elf/4.7.3/../../../../../H-i686-pc-linux-gnu/nios2-elf/lib/mno-hw-mul/libsmallc.a(lib_a-int_errno.o)
 .debug_line    0x00000a29       0x92 ../test1_bsp//libhal_bsp.a(alt_load.o)
 .debug_line    0x00000abb       0x9a ../test1_bsp//libhal_bsp.a(alt_main.o)
 .debug_line    0x00000b55      0x1b0 ../test1_bsp//libhal_bsp.a(alt_write.o)
 .debug_line    0x00000d05       0xe9 ../test1_bsp//libhal_bsp.a(alt_sys_init.o)
 .debug_line    0x00000dee       0xf8 ../test1_bsp//libhal_bsp.a(altera_avalon_jtag_uart_write.o)
 .debug_line    0x00000ee6      0x137 ../test1_bsp//libhal_bsp.a(alt_close.o)
 .debug_line    0x0000101d       0x51 ../test1_bsp//libhal_bsp.a(alt_dcache_flush_all.o)
 .debug_line    0x0000106e       0x51 ../test1_bsp//libhal_bsp.a(alt_errno.o)
 .debug_line    0x000010bf       0x4f ../test1_bsp//libhal_bsp.a(alt_icache_flush_all.o)
 .debug_line    0x0000110e       0x51 ../test1_bsp//libhal_bsp.a(altera_nios2_qsys_irq.o)
 .debug_line    0x0000115f      0x170 /home/greblus/altera/13.1/nios2eds/bin/gnu/H-i686-pc-linux-gnu/bin/../lib/gcc/nios2-elf/4.7.3/../../../../../H-i686-pc-linux-gnu/nios2-elf/lib/mno-hw-mul/libsmallc.a(lib_a-exit.o)
 .debug_line    0x000012cf      0x267 /home/greblus/altera/13.1/nios2eds/bin/gnu/H-i686-pc-linux-gnu/bin/../lib/gcc/nios2-elf/4.7.3/../../../../../H-i686-pc-linux-gnu/nios2-elf/lib/mno-hw-mul/libsmallc.a(lib_a-__call_atexit.o)
 .debug_line    0x00001536       0x80 /home/greblus/altera/13.1/nios2eds/bin/gnu/H-i686-pc-linux-gnu/bin/../lib/gcc/nios2-elf/4.7.3/mno-hw-mul/libgcc.a(lib2-mul.o)
 .debug_line    0x000015b6       0x71 ../test1_bsp//libhal_bsp.a(alt_exit.o)

.debug_frame    0x00000000      0x38c
 *(.debug_frame)
 .debug_frame   0x00000000       0x2c obj/default/hello_world.o
 .debug_frame   0x0000002c       0x3c /home/greblus/altera/13.1/nios2eds/bin/gnu/H-i686-pc-linux-gnu/bin/../lib/gcc/nios2-elf/4.7.3/../../../../../H-i686-pc-linux-gnu/nios2-elf/lib/mno-hw-mul/libsmallc.a(lib_a-puts.o)
 .debug_frame   0x00000068       0x20 /home/greblus/altera/13.1/nios2eds/bin/gnu/H-i686-pc-linux-gnu/bin/../lib/gcc/nios2-elf/4.7.3/../../../../../H-i686-pc-linux-gnu/nios2-elf/lib/mno-hw-mul/libsmallc.a(lib_a-strlen.o)
 .debug_frame   0x00000088       0x30 /home/greblus/altera/13.1/nios2eds/bin/gnu/H-i686-pc-linux-gnu/bin/../lib/gcc/nios2-elf/4.7.3/../../../../../H-i686-pc-linux-gnu/nios2-elf/lib/mno-hw-mul/libsmallc.a(lib_a-fvwrite_small_dev.o)
 .debug_frame   0x000000b8       0x2c /home/greblus/altera/13.1/nios2eds/bin/gnu/H-i686-pc-linux-gnu/bin/../lib/gcc/nios2-elf/4.7.3/../../../../../H-i686-pc-linux-gnu/nios2-elf/lib/mno-hw-mul/libsmallc.a(lib_a-writer.o)
 .debug_frame   0x000000e4       0x48 ../test1_bsp//libhal_bsp.a(alt_load.o)
 .debug_frame   0x0000012c       0x2c ../test1_bsp//libhal_bsp.a(alt_main.o)
 .debug_frame   0x00000158       0x48 ../test1_bsp//libhal_bsp.a(alt_write.o)
 .debug_frame   0x000001a0       0x48 ../test1_bsp//libhal_bsp.a(alt_sys_init.o)
 .debug_frame   0x000001e8       0x2c ../test1_bsp//libhal_bsp.a(altera_avalon_jtag_uart_write.o)
 .debug_frame   0x00000214       0x48 ../test1_bsp//libhal_bsp.a(alt_close.o)
 .debug_frame   0x0000025c       0x2c ../test1_bsp//libhal_bsp.a(alt_dcache_flush_all.o)
 .debug_frame   0x00000288       0x2c ../test1_bsp//libhal_bsp.a(alt_icache_flush_all.o)
 .debug_frame   0x000002b4       0x2c ../test1_bsp//libhal_bsp.a(altera_nios2_qsys_irq.o)
 .debug_frame   0x000002e0       0x28 /home/greblus/altera/13.1/nios2eds/bin/gnu/H-i686-pc-linux-gnu/bin/../lib/gcc/nios2-elf/4.7.3/../../../../../H-i686-pc-linux-gnu/nios2-elf/lib/mno-hw-mul/libsmallc.a(lib_a-exit.o)
 .debug_frame   0x00000308       0x38 /home/greblus/altera/13.1/nios2eds/bin/gnu/H-i686-pc-linux-gnu/bin/../lib/gcc/nios2-elf/4.7.3/../../../../../H-i686-pc-linux-gnu/nios2-elf/lib/mno-hw-mul/libsmallc.a(lib_a-__call_atexit.o)
 .debug_frame   0x00000340       0x20 /home/greblus/altera/13.1/nios2eds/bin/gnu/H-i686-pc-linux-gnu/bin/../lib/gcc/nios2-elf/4.7.3/mno-hw-mul/libgcc.a(lib2-mul.o)
 .debug_frame   0x00000360       0x2c ../test1_bsp//libhal_bsp.a(alt_exit.o)

.debug_str      0x00000000      0xd07
 *(.debug_str)
 .debug_str     0x00000000       0xa3 obj/default/hello_world.o
                                 0xe1 (size before relaxing)
 .debug_str     0x000000a3      0x399 /home/greblus/altera/13.1/nios2eds/bin/gnu/H-i686-pc-linux-gnu/bin/../lib/gcc/nios2-elf/4.7.3/../../../../../H-i686-pc-linux-gnu/nios2-elf/lib/mno-hw-mul/libsmallc.a(lib_a-puts.o)
                                0x464 (size before relaxing)
 .debug_str     0x0000043c       0xdf /home/greblus/altera/13.1/nios2eds/bin/gnu/H-i686-pc-linux-gnu/bin/../lib/gcc/nios2-elf/4.7.3/../../../../../H-i686-pc-linux-gnu/nios2-elf/lib/mno-hw-mul/libsmallc.a(lib_a-strlen.o)
                                0x191 (size before relaxing)
 .debug_str     0x0000051b       0x82 /home/greblus/altera/13.1/nios2eds/bin/gnu/H-i686-pc-linux-gnu/bin/../lib/gcc/nios2-elf/4.7.3/../../../../../H-i686-pc-linux-gnu/nios2-elf/lib/mno-hw-mul/libsmallc.a(lib_a-fvwrite_small_dev.o)
                                0x490 (size before relaxing)
 .debug_str     0x0000059d       0xfc /home/greblus/altera/13.1/nios2eds/bin/gnu/H-i686-pc-linux-gnu/bin/../lib/gcc/nios2-elf/4.7.3/../../../../../H-i686-pc-linux-gnu/nios2-elf/lib/mno-hw-mul/libsmallc.a(lib_a-impure.o)
                                0x46a (size before relaxing)
 .debug_str     0x00000699       0x3d /home/greblus/altera/13.1/nios2eds/bin/gnu/H-i686-pc-linux-gnu/bin/../lib/gcc/nios2-elf/4.7.3/../../../../../H-i686-pc-linux-gnu/nios2-elf/lib/mno-hw-mul/libsmallc.a(lib_a-writer.o)
                                0x464 (size before relaxing)
 .debug_str     0x000006d6       0x40 /home/greblus/altera/13.1/nios2eds/bin/gnu/H-i686-pc-linux-gnu/bin/../lib/gcc/nios2-elf/4.7.3/../../../../../H-i686-pc-linux-gnu/nios2-elf/lib/mno-hw-mul/libsmallc.a(lib_a-int_errno.o)
                                0x184 (size before relaxing)
 .debug_str     0x00000716      0x125 ../test1_bsp//libhal_bsp.a(alt_load.o)
                                0x1c3 (size before relaxing)
 .debug_str     0x0000083b       0x70 ../test1_bsp//libhal_bsp.a(alt_main.o)
                                0x14e (size before relaxing)
 .debug_str     0x000008ab       0x76 ../test1_bsp//libhal_bsp.a(alt_write.o)
                                0x191 (size before relaxing)
 .debug_str     0x00000921       0x85 ../test1_bsp//libhal_bsp.a(alt_sys_init.o)
                                0x1bc (size before relaxing)
 .debug_str     0x000009a6       0x33 ../test1_bsp//libhal_bsp.a(altera_avalon_jtag_uart_write.o)
                                0x1c6 (size before relaxing)
 .debug_str     0x000009d9       0x21 ../test1_bsp//libhal_bsp.a(alt_close.o)
                                0x142 (size before relaxing)
 .debug_str     0x000009fa       0x34 ../test1_bsp//libhal_bsp.a(alt_dcache_flush_all.o)
                                0x106 (size before relaxing)
 .debug_str     0x00000a2e       0x14 ../test1_bsp//libhal_bsp.a(alt_errno.o)
                                 0xf6 (size before relaxing)
 .debug_str     0x00000a42       0x34 ../test1_bsp//libhal_bsp.a(alt_icache_flush_all.o)
                                0x106 (size before relaxing)
 .debug_str     0x00000a76       0x3b ../test1_bsp//libhal_bsp.a(altera_nios2_qsys_irq.o)
                                0x10d (size before relaxing)
 .debug_str     0x00000ab1       0xf4 /home/greblus/altera/13.1/nios2eds/bin/gnu/H-i686-pc-linux-gnu/bin/../lib/gcc/nios2-elf/4.7.3/../../../../../H-i686-pc-linux-gnu/nios2-elf/lib/mno-hw-mul/libsmallc.a(lib_a-exit.o)
                                0x19c (size before relaxing)
 .debug_str     0x00000ba5       0x64 /home/greblus/altera/13.1/nios2eds/bin/gnu/H-i686-pc-linux-gnu/bin/../lib/gcc/nios2-elf/4.7.3/../../../../../H-i686-pc-linux-gnu/nios2-elf/lib/mno-hw-mul/libsmallc.a(lib_a-__call_atexit.o)
                                0x495 (size before relaxing)
 .debug_str     0x00000c09       0xd4 /home/greblus/altera/13.1/nios2eds/bin/gnu/H-i686-pc-linux-gnu/bin/../lib/gcc/nios2-elf/4.7.3/mno-hw-mul/libgcc.a(lib2-mul.o)
                                0x12b (size before relaxing)
 .debug_str     0x00000cdd       0x2a ../test1_bsp//libhal_bsp.a(alt_exit.o)
                                0x102 (size before relaxing)

.debug_loc      0x00000000      0x859
 *(.debug_loc)
 .debug_loc     0x00000000       0x2c obj/default/hello_world.o
 .debug_loc     0x0000002c       0xb7 /home/greblus/altera/13.1/nios2eds/bin/gnu/H-i686-pc-linux-gnu/bin/../lib/gcc/nios2-elf/4.7.3/../../../../../H-i686-pc-linux-gnu/nios2-elf/lib/mno-hw-mul/libsmallc.a(lib_a-puts.o)
 .debug_loc     0x000000e3       0x29 /home/greblus/altera/13.1/nios2eds/bin/gnu/H-i686-pc-linux-gnu/bin/../lib/gcc/nios2-elf/4.7.3/../../../../../H-i686-pc-linux-gnu/nios2-elf/lib/mno-hw-mul/libsmallc.a(lib_a-strlen.o)
 .debug_loc     0x0000010c      0x19e /home/greblus/altera/13.1/nios2eds/bin/gnu/H-i686-pc-linux-gnu/bin/../lib/gcc/nios2-elf/4.7.3/../../../../../H-i686-pc-linux-gnu/nios2-elf/lib/mno-hw-mul/libsmallc.a(lib_a-fvwrite_small_dev.o)
 .debug_loc     0x000002aa       0xde /home/greblus/altera/13.1/nios2eds/bin/gnu/H-i686-pc-linux-gnu/bin/../lib/gcc/nios2-elf/4.7.3/../../../../../H-i686-pc-linux-gnu/nios2-elf/lib/mno-hw-mul/libsmallc.a(lib_a-writer.o)
 .debug_loc     0x00000388       0x58 ../test1_bsp//libhal_bsp.a(alt_load.o)
 .debug_loc     0x000003e0       0x2c ../test1_bsp//libhal_bsp.a(alt_main.o)
 .debug_loc     0x0000040c       0x58 ../test1_bsp//libhal_bsp.a(alt_write.o)
 .debug_loc     0x00000464       0x58 ../test1_bsp//libhal_bsp.a(alt_sys_init.o)
 .debug_loc     0x000004bc       0x2c ../test1_bsp//libhal_bsp.a(altera_avalon_jtag_uart_write.o)
 .debug_loc     0x000004e8       0x58 ../test1_bsp//libhal_bsp.a(alt_close.o)
 .debug_loc     0x00000540       0x2c ../test1_bsp//libhal_bsp.a(alt_dcache_flush_all.o)
 .debug_loc     0x0000056c       0x2c ../test1_bsp//libhal_bsp.a(alt_icache_flush_all.o)
 .debug_loc     0x00000598       0x2c ../test1_bsp//libhal_bsp.a(altera_nios2_qsys_irq.o)
 .debug_loc     0x000005c4       0x3e /home/greblus/altera/13.1/nios2eds/bin/gnu/H-i686-pc-linux-gnu/bin/../lib/gcc/nios2-elf/4.7.3/../../../../../H-i686-pc-linux-gnu/nios2-elf/lib/mno-hw-mul/libsmallc.a(lib_a-exit.o)
 .debug_loc     0x00000602      0x198 /home/greblus/altera/13.1/nios2eds/bin/gnu/H-i686-pc-linux-gnu/bin/../lib/gcc/nios2-elf/4.7.3/../../../../../H-i686-pc-linux-gnu/nios2-elf/lib/mno-hw-mul/libsmallc.a(lib_a-__call_atexit.o)
 .debug_loc     0x0000079a       0x93 /home/greblus/altera/13.1/nios2eds/bin/gnu/H-i686-pc-linux-gnu/bin/../lib/gcc/nios2-elf/4.7.3/mno-hw-mul/libgcc.a(lib2-mul.o)
 .debug_loc     0x0000082d       0x2c ../test1_bsp//libhal_bsp.a(alt_exit.o)

.debug_macinfo
 *(.debug_macinfo)

.debug_weaknames
 *(.debug_weaknames)

.debug_funcnames
 *(.debug_funcnames)

.debug_typenames
 *(.debug_typenames)

.debug_varnames
 *(.debug_varnames)

.debug_alt_sim_info
                0x00000000       0x10
 *(.debug_alt_sim_info)
 .debug_alt_sim_info
                0x00000000       0x10 ../test1_bsp//obj/HAL/src/crt0.o
                0x00004000                __alt_data_end = 0x4000
                0x00004000                PROVIDE (__alt_stack_pointer, __alt_data_end)
                0x00002ae4                PROVIDE (__alt_stack_limit, __alt_stack_base)
                0x00002ae4                PROVIDE (__alt_heap_start, end)
                0x00004000                PROVIDE (__alt_heap_limit, 0x4000)
OUTPUT(test1.elf elf32-littlenios2)

.debug_ranges   0x00000000       0x50
 .debug_ranges  0x00000000       0x20 ../test1_bsp//obj/HAL/src/crt0.o
 .debug_ranges  0x00000020       0x18 /home/greblus/altera/13.1/nios2eds/bin/gnu/H-i686-pc-linux-gnu/bin/../lib/gcc/nios2-elf/4.7.3/../../../../../H-i686-pc-linux-gnu/nios2-elf/lib/mno-hw-mul/libsmallc.a(lib_a-fvwrite_small_dev.o)
 .debug_ranges  0x00000038       0x18 /home/greblus/altera/13.1/nios2eds/bin/gnu/H-i686-pc-linux-gnu/bin/../lib/gcc/nios2-elf/4.7.3/../../../../../H-i686-pc-linux-gnu/nios2-elf/lib/mno-hw-mul/libsmallc.a(lib_a-__call_atexit.o)
