Archive member included because of file (symbol)

../test_bsp//libhal_bsp.a(alt_load.o)
                              ../test_bsp//obj/HAL/src/crt0.o (alt_load)
../test_bsp//libhal_bsp.a(alt_main.o)
                              ../test_bsp//obj/HAL/src/crt0.o (alt_main)
../test_bsp//libhal_bsp.a(alt_putstr.o)
                              obj/default/hello_world_small.o (alt_putstr)
../test_bsp//libhal_bsp.a(alt_sys_init.o)
                              ../test_bsp//libhal_bsp.a(alt_main.o) (alt_irq_init)
../test_bsp//libhal_bsp.a(altera_avalon_jtag_uart_write.o)
                              ../test_bsp//libhal_bsp.a(alt_putstr.o) (altera_avalon_jtag_uart_write)
../test_bsp//libhal_bsp.a(alt_dcache_flush_all.o)
                              ../test_bsp//libhal_bsp.a(alt_load.o) (alt_dcache_flush_all)
../test_bsp//libhal_bsp.a(alt_icache_flush_all.o)
                              ../test_bsp//libhal_bsp.a(alt_load.o) (alt_icache_flush_all)
../test_bsp//libhal_bsp.a(altera_nios2_qsys_irq.o)
                              ../test_bsp//libhal_bsp.a(alt_sys_init.o) (altera_nios2_qsys_irq_init)
/home/greblus/altera/13.1/nios2eds/bin/gnu/H-i686-pc-linux-gnu/bin/../lib/gcc/nios2-elf/4.7.3/../../../../../H-i686-pc-linux-gnu/nios2-elf/lib/mno-hw-mul/libsmallc.a(lib_a-strlen.o)
                              ../test_bsp//libhal_bsp.a(alt_putstr.o) (strlen)

Memory Configuration

Name             Origin             Length             Attributes
reset            0x00002000         0x00000020
onchip_memory2_0 0x00002020         0x00001fe0
*default*        0x00000000         0xffffffff

Linker script and memory map

LOAD ../test_bsp//obj/HAL/src/crt0.o
LOAD obj/default/hello_world_small.o
LOAD /home/greblus/altera/13.1/nios2eds/bin/gnu/H-i686-pc-linux-gnu/bin/../lib/gcc/nios2-elf/4.7.3/../../../../../H-i686-pc-linux-gnu/nios2-elf/lib/mno-hw-mul/libstdc++.a
LOAD /home/greblus/altera/13.1/nios2eds/bin/gnu/H-i686-pc-linux-gnu/bin/../lib/gcc/nios2-elf/4.7.3/../../../../../H-i686-pc-linux-gnu/nios2-elf/lib/mno-hw-mul/libm.a
LOAD /home/greblus/altera/13.1/nios2eds/bin/gnu/H-i686-pc-linux-gnu/bin/../lib/gcc/nios2-elf/4.7.3/mno-hw-mul/libgcc.a
START GROUP
LOAD /home/greblus/altera/13.1/nios2eds/bin/gnu/H-i686-pc-linux-gnu/bin/../lib/gcc/nios2-elf/4.7.3/../../../../../H-i686-pc-linux-gnu/nios2-elf/lib/mno-hw-mul/libsmallc.a
LOAD /home/greblus/altera/13.1/nios2eds/bin/gnu/H-i686-pc-linux-gnu/bin/../lib/gcc/nios2-elf/4.7.3/mno-hw-mul/libgcc.a
LOAD ../test_bsp//libhal_bsp.a
END GROUP
LOAD /home/greblus/altera/13.1/nios2eds/bin/gnu/H-i686-pc-linux-gnu/bin/../lib/gcc/nios2-elf/4.7.3/mno-hw-mul/libgcc.a
                0x00002000                __alt_mem_onchip_memory2_0 = 0x2000

.entry          0x00002000       0x20
 *(.entry)
 .entry         0x00002000       0x20 ../test_bsp//obj/HAL/src/crt0.o
                0x00002000                __reset
                0x0000200c                _exit

.exceptions     0x00002020        0x0
                0x00002020                PROVIDE (__ram_exceptions_start, ABSOLUTE (.))
                0x00002020                . = ALIGN (0x20)
 *(.irq)
 *(.exceptions.entry.label)
 *(.exceptions.entry.user)
 *(.exceptions.entry.ecc_fatal)
 *(.exceptions.entry)
 *(.exceptions.irqtest.user)
 *(.exceptions.irqtest)
 *(.exceptions.irqhandler.user)
 *(.exceptions.irqhandler)
 *(.exceptions.irqreturn.user)
 *(.exceptions.irqreturn)
 *(.exceptions.notirq.label)
 *(.exceptions.notirq.user)
 *(.exceptions.notirq)
 *(.exceptions.soft.user)
 *(.exceptions.soft)
 *(.exceptions.unknown.user)
 *(.exceptions.unknown)
 *(.exceptions.exit.label)
 *(.exceptions.exit.user)
 *(.exceptions.exit)
 *(.exceptions)
                0x00002020                PROVIDE (__ram_exceptions_end, ABSOLUTE (.))
                0x00002020                PROVIDE (__flash_exceptions_start, LOADADDR (.exceptions))

.text           0x00002020      0x24c
                0x00002020                PROVIDE (stext, ABSOLUTE (.))
 *(.interp)
 *(.hash)
 *(.dynsym)
 *(.dynstr)
 *(.gnu.version)
 *(.gnu.version_d)
 *(.gnu.version_r)
 *(.rel.init)
 *(.rela.init)
 *(.rel.text .rel.text.* .rel.gnu.linkonce.t.*)
 *(.rela.text .rela.text.* .rela.gnu.linkonce.t.*)
 *(.rel.fini)
 *(.rela.fini)
 *(.rel.rodata .rel.rodata.* .rel.gnu.linkonce.r.*)
 *(.rela.rodata .rela.rodata.* .rela.gnu.linkonce.r.*)
 *(.rel.data .rel.data.* .rel.gnu.linkonce.d.*)
 *(.rela.data .rela.data.* .rela.gnu.linkonce.d.*)
 *(.rel.tdata .rel.tdata.* .rel.gnu.linkonce.td.*)
 *(.rela.tdata .rela.tdata.* .rela.gnu.linkonce.td.*)
 *(.rel.tbss .rel.tbss.* .rel.gnu.linkonce.tb.*)
 *(.rela.tbss .rela.tbss.* .rela.gnu.linkonce.tb.*)
 *(.rel.ctors)
 *(.rela.ctors)
 *(.rel.dtors)
 *(.rela.dtors)
 *(.rel.got)
 *(.rela.got)
 *(.rel.sdata .rel.sdata.* .rel.gnu.linkonce.s.*)
 *(.rela.sdata .rela.sdata.* .rela.gnu.linkonce.s.*)
 *(.rel.sbss .rel.sbss.* .rel.gnu.linkonce.sb.*)
 *(.rela.sbss .rela.sbss.* .rela.gnu.linkonce.sb.*)
 *(.rel.sdata2 .rel.sdata2.* .rel.gnu.linkonce.s2.*)
 *(.rela.sdata2 .rela.sdata2.* .rela.gnu.linkonce.s2.*)
 *(.rel.sbss2 .rel.sbss2.* .rel.gnu.linkonce.sb2.*)
 *(.rela.sbss2 .rela.sbss2.* .rela.gnu.linkonce.sb2.*)
 *(.rel.bss .rel.bss.* .rel.gnu.linkonce.b.*)
 *(.rela.bss .rela.bss.* .rela.gnu.linkonce.b.*)
 *(.rel.plt)
 *(.rela.plt)
 *(.rel.dyn)
 *(.init)
 *(.plt)
 *(.text .stub .text.* .gnu.linkonce.t.*)
 .text          0x00002020       0x3c ../test_bsp//obj/HAL/src/crt0.o
                0x00002020                _start
 .text          0x0000205c        0x0 obj/default/hello_world_small.o
 .text.startup  0x0000205c       0x18 obj/default/hello_world_small.o
                0x0000205c                main
 .text          0x00002074      0x104 ../test_bsp//libhal_bsp.a(alt_load.o)
                0x00002074                alt_load
 .text          0x00002178       0x2c ../test_bsp//libhal_bsp.a(alt_main.o)
                0x00002178                alt_main
 .text          0x000021a4       0x38 ../test_bsp//libhal_bsp.a(alt_putstr.o)
                0x000021a4                alt_putstr
 .text          0x000021dc       0x24 ../test_bsp//libhal_bsp.a(alt_sys_init.o)
                0x000021dc                alt_irq_init
                0x000021fc                alt_sys_init
 .text          0x00002200       0x34 ../test_bsp//libhal_bsp.a(altera_avalon_jtag_uart_write.o)
                0x00002200                altera_avalon_jtag_uart_write
 .text          0x00002234        0x4 ../test_bsp//libhal_bsp.a(alt_dcache_flush_all.o)
                0x00002234                alt_dcache_flush_all
 .text          0x00002238        0x4 ../test_bsp//libhal_bsp.a(alt_icache_flush_all.o)
                0x00002238                alt_icache_flush_all
 .text          0x0000223c        0x8 ../test_bsp//libhal_bsp.a(altera_nios2_qsys_irq.o)
                0x0000223c                altera_nios2_qsys_irq_init
 .text          0x00002244       0x28 /home/greblus/altera/13.1/nios2eds/bin/gnu/H-i686-pc-linux-gnu/bin/../lib/gcc/nios2-elf/4.7.3/../../../../../H-i686-pc-linux-gnu/nios2-elf/lib/mno-hw-mul/libsmallc.a(lib_a-strlen.o)
                0x00002244                strlen
 *(.gnu.warning.*)
 *(.fini)
                0x0000226c                PROVIDE (__etext, ABSOLUTE (.))
                0x0000226c                PROVIDE (_etext, ABSOLUTE (.))
                0x0000226c                PROVIDE (etext, ABSOLUTE (.))
 *(.eh_frame_hdr)
                0x0000226c                . = ALIGN (0x4)
                0x0000226c                PROVIDE (__preinit_array_start, ABSOLUTE (.))
 *(.preinit_array)
                0x0000226c                PROVIDE (__preinit_array_end, ABSOLUTE (.))
                0x0000226c                PROVIDE (__init_array_start, ABSOLUTE (.))
 *(.init_array)
                0x0000226c                PROVIDE (__init_array_end, ABSOLUTE (.))
                0x0000226c                PROVIDE (__fini_array_start, ABSOLUTE (.))
 *(.fini_array)
                0x0000226c                PROVIDE (__fini_array_end, ABSOLUTE (.))
 *(.eh_frame)
 *(.gcc_except_table .gcc_except_table.*)
 *(.dynamic)
                0x0000226c                PROVIDE (__CTOR_LIST__, ABSOLUTE (.))
 *(.ctors)
 *(SORT(.ctors.*))
                0x0000226c                PROVIDE (__CTOR_END__, ABSOLUTE (.))
                0x0000226c                PROVIDE (__DTOR_LIST__, ABSOLUTE (.))
 *(.dtors)
 *(SORT(.dtors.*))
                0x0000226c                PROVIDE (__DTOR_END__, ABSOLUTE (.))
 *(.jcr)
                0x0000226c                . = ALIGN (0x4)

.rodata         0x0000226c       0x18
                0x0000226c                PROVIDE (__ram_rodata_start, ABSOLUTE (.))
                0x0000226c                . = ALIGN (0x4)
 *(.rodata .rodata.* .gnu.linkonce.r.*)
 .rodata.str1.4
                0x0000226c       0x18 obj/default/hello_world_small.o
 *(.rodata1)
                0x00002284                . = ALIGN (0x4)
                0x00002284                PROVIDE (__ram_rodata_end, ABSOLUTE (.))
                0x0000226c                PROVIDE (__flash_rodata_start, LOADADDR (.rodata))

.rwdata         0x00002284        0x4 load address 0x00002288
                0x00002284                PROVIDE (__ram_rwdata_start, ABSOLUTE (.))
                0x00002284                . = ALIGN (0x4)
 *(.got.plt)
 *(.got)
 *(.data1)
 *(.data .data.* .gnu.linkonce.d.*)
 .data          0x00002284        0x0 ../test_bsp//obj/HAL/src/crt0.o
 .data          0x00002284        0x0 obj/default/hello_world_small.o
 .data          0x00002284        0x0 ../test_bsp//libhal_bsp.a(alt_load.o)
 .data          0x00002284        0x0 ../test_bsp//libhal_bsp.a(alt_main.o)
 .data          0x00002284        0x0 ../test_bsp//libhal_bsp.a(alt_putstr.o)
 .data          0x00002284        0x0 ../test_bsp//libhal_bsp.a(alt_sys_init.o)
 .data          0x00002284        0x0 ../test_bsp//libhal_bsp.a(altera_avalon_jtag_uart_write.o)
 .data          0x00002284        0x0 ../test_bsp//libhal_bsp.a(alt_dcache_flush_all.o)
 .data          0x00002284        0x0 ../test_bsp//libhal_bsp.a(alt_icache_flush_all.o)
 .data          0x00002284        0x0 ../test_bsp//libhal_bsp.a(altera_nios2_qsys_irq.o)
 .data          0x00002284        0x0 /home/greblus/altera/13.1/nios2eds/bin/gnu/H-i686-pc-linux-gnu/bin/../lib/gcc/nios2-elf/4.7.3/../../../../../H-i686-pc-linux-gnu/nios2-elf/lib/mno-hw-mul/libsmallc.a(lib_a-strlen.o)
                0x0000a284                _gp = ABSOLUTE ((. + 0x8000))
                0x0000a284                PROVIDE (gp, _gp)
 *(.rwdata .rwdata.*)
 *(.sdata .sdata.* .gnu.linkonce.s.*)
 .sdata         0x00002284        0x4 ../test_bsp//libhal_bsp.a(alt_sys_init.o)
                0x00002284                jtag_uart_0
 *(.sdata2 .sdata2.* .gnu.linkonce.s2.*)
                0x00002288                . = ALIGN (0x4)
                0x00002288                _edata = ABSOLUTE (.)
                0x00002288                PROVIDE (edata, ABSOLUTE (.))
                0x00002288                PROVIDE (__ram_rwdata_end, ABSOLUTE (.))
                0x00002288                PROVIDE (__flash_rwdata_start, LOADADDR (.rwdata))

.bss            0x0000228c        0xc
                0x0000228c                __bss_start = ABSOLUTE (.)
                0x0000228c                PROVIDE (__sbss_start, ABSOLUTE (.))
                0x0000228c                PROVIDE (___sbss_start, ABSOLUTE (.))
 *(.dynsbss)
 *(.sbss .sbss.* .gnu.linkonce.sb.*)
 .sbss          0x0000228c        0xc ../test_bsp//libhal_bsp.a(alt_main.o)
                0x0000228c                alt_envp
                0x00002290                alt_argv
                0x00002294                alt_argc
 *(.sbss2 .sbss2.* .gnu.linkonce.sb2.*)
 *(.scommon)
                0x00002298                PROVIDE (__sbss_end, ABSOLUTE (.))
                0x00002298                PROVIDE (___sbss_end, ABSOLUTE (.))
 *(.dynbss)
 *(.bss .bss.* .gnu.linkonce.b.*)
 .bss           0x00002298        0x0 ../test_bsp//obj/HAL/src/crt0.o
 .bss           0x00002298        0x0 obj/default/hello_world_small.o
 .bss           0x00002298        0x0 ../test_bsp//libhal_bsp.a(alt_load.o)
 .bss           0x00002298        0x0 ../test_bsp//libhal_bsp.a(alt_main.o)
 .bss           0x00002298        0x0 ../test_bsp//libhal_bsp.a(alt_putstr.o)
 .bss           0x00002298        0x0 ../test_bsp//libhal_bsp.a(alt_sys_init.o)
 .bss           0x00002298        0x0 ../test_bsp//libhal_bsp.a(altera_avalon_jtag_uart_write.o)
 .bss           0x00002298        0x0 ../test_bsp//libhal_bsp.a(alt_dcache_flush_all.o)
 .bss           0x00002298        0x0 ../test_bsp//libhal_bsp.a(alt_icache_flush_all.o)
 .bss           0x00002298        0x0 ../test_bsp//libhal_bsp.a(altera_nios2_qsys_irq.o)
 .bss           0x00002298        0x0 /home/greblus/altera/13.1/nios2eds/bin/gnu/H-i686-pc-linux-gnu/bin/../lib/gcc/nios2-elf/4.7.3/../../../../../H-i686-pc-linux-gnu/nios2-elf/lib/mno-hw-mul/libsmallc.a(lib_a-strlen.o)
 *(COMMON)
                0x00002298                . = ALIGN (0x4)
                0x00002298                __bss_end = ABSOLUTE (.)

.onchip_memory2_0
                0x00002298        0x0
                0x00002298                PROVIDE (_alt_partition_onchip_memory2_0_start, ABSOLUTE (.))
 *(.onchip_memory2_0 .onchip_memory2_0. onchip_memory2_0.*)
                0x00002298                . = ALIGN (0x4)
                0x00002298                PROVIDE (_alt_partition_onchip_memory2_0_end, ABSOLUTE (.))
                0x00002298                _end = ABSOLUTE (.)
                0x00002298                end = ABSOLUTE (.)
                0x00002298                __alt_stack_base = ABSOLUTE (.)
                0x00002298                PROVIDE (_alt_partition_onchip_memory2_0_load_addr, LOADADDR (.onchip_memory2_0))

.stab
 *(.stab)

.stabstr
 *(.stabstr)

.stab.excl
 *(.stab.excl)

.stab.exclstr
 *(.stab.exclstr)

.stab.index
 *(.stab.index)

.stab.indexstr
 *(.stab.indexstr)

.comment        0x00000000       0x23
 *(.comment)
 .comment       0x00000000       0x23 obj/default/hello_world_small.o
                                 0x24 (size before relaxing)
 .comment       0x00000000       0x24 ../test_bsp//libhal_bsp.a(alt_load.o)
 .comment       0x00000000       0x24 ../test_bsp//libhal_bsp.a(alt_main.o)
 .comment       0x00000000       0x24 ../test_bsp//libhal_bsp.a(alt_putstr.o)
 .comment       0x00000000       0x24 ../test_bsp//libhal_bsp.a(alt_sys_init.o)
 .comment       0x00000000       0x24 ../test_bsp//libhal_bsp.a(altera_avalon_jtag_uart_write.o)
 .comment       0x00000000       0x24 ../test_bsp//libhal_bsp.a(alt_dcache_flush_all.o)
 .comment       0x00000000       0x24 ../test_bsp//libhal_bsp.a(alt_icache_flush_all.o)
 .comment       0x00000000       0x24 ../test_bsp//libhal_bsp.a(altera_nios2_qsys_irq.o)
 .comment       0x00000000       0x24 /home/greblus/altera/13.1/nios2eds/bin/gnu/H-i686-pc-linux-gnu/bin/../lib/gcc/nios2-elf/4.7.3/../../../../../H-i686-pc-linux-gnu/nios2-elf/lib/mno-hw-mul/libsmallc.a(lib_a-strlen.o)

.debug
 *(.debug)

.line
 *(.line)

.debug_srcinfo
 *(.debug_srcinfo)

.debug_sfnames
 *(.debug_sfnames)

.debug_aranges  0x00000000      0x168
 *(.debug_aranges)
 .debug_aranges
                0x00000000       0x28 ../test_bsp//obj/HAL/src/crt0.o
 .debug_aranges
                0x00000028       0x20 obj/default/hello_world_small.o
 .debug_aranges
                0x00000048       0x20 ../test_bsp//libhal_bsp.a(alt_load.o)
 .debug_aranges
                0x00000068       0x20 ../test_bsp//libhal_bsp.a(alt_main.o)
 .debug_aranges
                0x00000088       0x20 ../test_bsp//libhal_bsp.a(alt_putstr.o)
 .debug_aranges
                0x000000a8       0x20 ../test_bsp//libhal_bsp.a(alt_sys_init.o)
 .debug_aranges
                0x000000c8       0x20 ../test_bsp//libhal_bsp.a(altera_avalon_jtag_uart_write.o)
 .debug_aranges
                0x000000e8       0x20 ../test_bsp//libhal_bsp.a(alt_dcache_flush_all.o)
 .debug_aranges
                0x00000108       0x20 ../test_bsp//libhal_bsp.a(alt_icache_flush_all.o)
 .debug_aranges
                0x00000128       0x20 ../test_bsp//libhal_bsp.a(altera_nios2_qsys_irq.o)
 .debug_aranges
                0x00000148       0x20 /home/greblus/altera/13.1/nios2eds/bin/gnu/H-i686-pc-linux-gnu/bin/../lib/gcc/nios2-elf/4.7.3/../../../../../H-i686-pc-linux-gnu/nios2-elf/lib/mno-hw-mul/libsmallc.a(lib_a-strlen.o)

.debug_pubnames
 *(.debug_pubnames)

.debug_info     0x00000000      0xb53
 *(.debug_info .gnu.linkonce.wi.*)
 .debug_info    0x00000000       0x67 ../test_bsp//obj/HAL/src/crt0.o
 .debug_info    0x00000067       0x8c obj/default/hello_world_small.o
 .debug_info    0x000000f3      0x1b5 ../test_bsp//libhal_bsp.a(alt_load.o)
 .debug_info    0x000002a8      0x194 ../test_bsp//libhal_bsp.a(alt_main.o)
 .debug_info    0x0000043c      0x171 ../test_bsp//libhal_bsp.a(alt_putstr.o)
 .debug_info    0x000005ad      0x193 ../test_bsp//libhal_bsp.a(alt_sys_init.o)
 .debug_info    0x00000740      0x1a0 ../test_bsp//libhal_bsp.a(altera_avalon_jtag_uart_write.o)
 .debug_info    0x000008e0       0x8f ../test_bsp//libhal_bsp.a(alt_dcache_flush_all.o)
 .debug_info    0x0000096f       0x8f ../test_bsp//libhal_bsp.a(alt_icache_flush_all.o)
 .debug_info    0x000009fe       0x8f ../test_bsp//libhal_bsp.a(altera_nios2_qsys_irq.o)
 .debug_info    0x00000a8d       0xc6 /home/greblus/altera/13.1/nios2eds/bin/gnu/H-i686-pc-linux-gnu/bin/../lib/gcc/nios2-elf/4.7.3/../../../../../H-i686-pc-linux-gnu/nios2-elf/lib/mno-hw-mul/libsmallc.a(lib_a-strlen.o)

.debug_abbrev   0x00000000      0x692
 *(.debug_abbrev)
 .debug_abbrev  0x00000000       0x12 ../test_bsp//obj/HAL/src/crt0.o
 .debug_abbrev  0x00000012       0x89 obj/default/hello_world_small.o
 .debug_abbrev  0x0000009b       0xd6 ../test_bsp//libhal_bsp.a(alt_load.o)
 .debug_abbrev  0x00000171      0x120 ../test_bsp//libhal_bsp.a(alt_main.o)
 .debug_abbrev  0x00000291       0xe2 ../test_bsp//libhal_bsp.a(alt_putstr.o)
 .debug_abbrev  0x00000373      0x105 ../test_bsp//libhal_bsp.a(alt_sys_init.o)
 .debug_abbrev  0x00000478       0xd5 ../test_bsp//libhal_bsp.a(altera_avalon_jtag_uart_write.o)
 .debug_abbrev  0x0000054d       0x42 ../test_bsp//libhal_bsp.a(alt_dcache_flush_all.o)
 .debug_abbrev  0x0000058f       0x42 ../test_bsp//libhal_bsp.a(alt_icache_flush_all.o)
 .debug_abbrev  0x000005d1       0x42 ../test_bsp//libhal_bsp.a(altera_nios2_qsys_irq.o)
 .debug_abbrev  0x00000613       0x7f /home/greblus/altera/13.1/nios2eds/bin/gnu/H-i686-pc-linux-gnu/bin/../lib/gcc/nios2-elf/4.7.3/../../../../../H-i686-pc-linux-gnu/nios2-elf/lib/mno-hw-mul/libsmallc.a(lib_a-strlen.o)

.debug_line     0x00000000      0x801
 *(.debug_line)
 .debug_line    0x00000000       0x66 ../test_bsp//obj/HAL/src/crt0.o
 .debug_line    0x00000066       0x6f obj/default/hello_world_small.o
 .debug_line    0x000000d5       0xd6 ../test_bsp//libhal_bsp.a(alt_load.o)
 .debug_line    0x000001ab       0xbd ../test_bsp//libhal_bsp.a(alt_main.o)
 .debug_line    0x00000268      0x143 ../test_bsp//libhal_bsp.a(alt_putstr.o)
 .debug_line    0x000003ab      0x101 ../test_bsp//libhal_bsp.a(alt_sys_init.o)
 .debug_line    0x000004ac       0xf5 ../test_bsp//libhal_bsp.a(altera_avalon_jtag_uart_write.o)
 .debug_line    0x000005a1       0x4e ../test_bsp//libhal_bsp.a(alt_dcache_flush_all.o)
 .debug_line    0x000005ef       0x4e ../test_bsp//libhal_bsp.a(alt_icache_flush_all.o)
 .debug_line    0x0000063d       0x50 ../test_bsp//libhal_bsp.a(altera_nios2_qsys_irq.o)
 .debug_line    0x0000068d      0x174 /home/greblus/altera/13.1/nios2eds/bin/gnu/H-i686-pc-linux-gnu/bin/../lib/gcc/nios2-elf/4.7.3/../../../../../H-i686-pc-linux-gnu/nios2-elf/lib/mno-hw-mul/libsmallc.a(lib_a-strlen.o)

.debug_frame    0x00000000      0x178
 *(.debug_frame)
 .debug_frame   0x00000000       0x28 obj/default/hello_world_small.o
 .debug_frame   0x00000028       0x28 ../test_bsp//libhal_bsp.a(alt_load.o)
 .debug_frame   0x00000050       0x28 ../test_bsp//libhal_bsp.a(alt_main.o)
 .debug_frame   0x00000078       0x28 ../test_bsp//libhal_bsp.a(alt_putstr.o)
 .debug_frame   0x000000a0       0x38 ../test_bsp//libhal_bsp.a(alt_sys_init.o)
 .debug_frame   0x000000d8       0x20 ../test_bsp//libhal_bsp.a(altera_avalon_jtag_uart_write.o)
 .debug_frame   0x000000f8       0x20 ../test_bsp//libhal_bsp.a(alt_dcache_flush_all.o)
 .debug_frame   0x00000118       0x20 ../test_bsp//libhal_bsp.a(alt_icache_flush_all.o)
 .debug_frame   0x00000138       0x20 ../test_bsp//libhal_bsp.a(altera_nios2_qsys_irq.o)
 .debug_frame   0x00000158       0x20 /home/greblus/altera/13.1/nios2eds/bin/gnu/H-i686-pc-linux-gnu/bin/../lib/gcc/nios2-elf/4.7.3/../../../../../H-i686-pc-linux-gnu/nios2-elf/lib/mno-hw-mul/libsmallc.a(lib_a-strlen.o)

.debug_str      0x00000000      0x4ff
 *(.debug_str)
 .debug_str     0x00000000       0x5a obj/default/hello_world_small.o
                                 0x64 (size before relaxing)
 .debug_str     0x0000005a      0x1a7 ../test_bsp//libhal_bsp.a(alt_load.o)
                                0x1ec (size before relaxing)
 .debug_str     0x00000201       0x8f ../test_bsp//libhal_bsp.a(alt_main.o)
                                0x165 (size before relaxing)
 .debug_str     0x00000290       0x6d ../test_bsp//libhal_bsp.a(alt_putstr.o)
                                0x149 (size before relaxing)
 .debug_str     0x000002fd       0x86 ../test_bsp//libhal_bsp.a(alt_sys_init.o)
                                0x1d6 (size before relaxing)
 .debug_str     0x00000383       0x3f ../test_bsp//libhal_bsp.a(altera_avalon_jtag_uart_write.o)
                                0x1c5 (size before relaxing)
 .debug_str     0x000003c2       0x1f ../test_bsp//libhal_bsp.a(alt_dcache_flush_all.o)
                                0x105 (size before relaxing)
 .debug_str     0x000003e1       0x1f ../test_bsp//libhal_bsp.a(alt_icache_flush_all.o)
                                0x105 (size before relaxing)
 .debug_str     0x00000400       0x20 ../test_bsp//libhal_bsp.a(altera_nios2_qsys_irq.o)
                                0x10c (size before relaxing)
 .debug_str     0x00000420       0xdf /home/greblus/altera/13.1/nios2eds/bin/gnu/H-i686-pc-linux-gnu/bin/../lib/gcc/nios2-elf/4.7.3/../../../../../H-i686-pc-linux-gnu/nios2-elf/lib/mno-hw-mul/libsmallc.a(lib_a-strlen.o)
                                0x191 (size before relaxing)

.debug_loc      0x00000000      0x19f
 *(.debug_loc)
 .debug_loc     0x00000000       0x20 obj/default/hello_world_small.o
 .debug_loc     0x00000020       0x20 ../test_bsp//libhal_bsp.a(alt_load.o)
 .debug_loc     0x00000040       0x20 ../test_bsp//libhal_bsp.a(alt_main.o)
 .debug_loc     0x00000060       0x57 ../test_bsp//libhal_bsp.a(alt_putstr.o)
 .debug_loc     0x000000b7       0x41 ../test_bsp//libhal_bsp.a(alt_sys_init.o)
 .debug_loc     0x000000f8       0x7e ../test_bsp//libhal_bsp.a(altera_avalon_jtag_uart_write.o)
 .debug_loc     0x00000176       0x29 /home/greblus/altera/13.1/nios2eds/bin/gnu/H-i686-pc-linux-gnu/bin/../lib/gcc/nios2-elf/4.7.3/../../../../../H-i686-pc-linux-gnu/nios2-elf/lib/mno-hw-mul/libsmallc.a(lib_a-strlen.o)

.debug_macinfo
 *(.debug_macinfo)

.debug_weaknames
 *(.debug_weaknames)

.debug_funcnames
 *(.debug_funcnames)

.debug_typenames
 *(.debug_typenames)

.debug_varnames
 *(.debug_varnames)

.debug_alt_sim_info
                0x00000000       0x10
 *(.debug_alt_sim_info)
 .debug_alt_sim_info
                0x00000000       0x10 ../test_bsp//obj/HAL/src/crt0.o
                0x00004000                __alt_data_end = 0x4000
                0x00004000                PROVIDE (__alt_stack_pointer, __alt_data_end)
                0x00002298                PROVIDE (__alt_stack_limit, __alt_stack_base)
                0x00002298                PROVIDE (__alt_heap_start, end)
                0x00004000                PROVIDE (__alt_heap_limit, 0x4000)
OUTPUT(test.elf elf32-littlenios2)

.debug_ranges   0x00000000       0x78
 .debug_ranges  0x00000000       0x20 ../test_bsp//obj/HAL/src/crt0.o
 .debug_ranges  0x00000020       0x10 obj/default/hello_world_small.o
 .debug_ranges  0x00000030       0x48 ../test_bsp//libhal_bsp.a(alt_load.o)
