------------------------------------------------------------
TimeQuest Timing Analyzer Summary
------------------------------------------------------------

Type  : Slow 1200mV 85C Model Setup 'CLOCK'
Slack : -4.515
TNS   : -121.283

Type  : Slow 1200mV 85C Model Setup 'clk'
Slack : 0.114
TNS   : 0.000

Type  : Slow 1200mV 85C Model Hold 'clk'
Slack : 0.497
TNS   : 0.000

Type  : Slow 1200mV 85C Model Hold 'CLOCK'
Slack : 0.761
TNS   : 0.000

Type  : Slow 1200mV 85C Model Minimum Pulse Width 'CLOCK'
Slack : -3.000
TNS   : -52.071

Type  : Slow 1200mV 85C Model Minimum Pulse Width 'clk'
Slack : -1.487
TNS   : -1.487

Type  : Slow 1200mV 0C Model Setup 'CLOCK'
Slack : -4.201
TNS   : -113.417

Type  : Slow 1200mV 0C Model Setup 'clk'
Slack : 0.208
TNS   : 0.000

Type  : Slow 1200mV 0C Model Hold 'clk'
Slack : 0.445
TNS   : 0.000

Type  : Slow 1200mV 0C Model Hold 'CLOCK'
Slack : 0.705
TNS   : 0.000

Type  : Slow 1200mV 0C Model Minimum Pulse Width 'CLOCK'
Slack : -3.000
TNS   : -52.071

Type  : Slow 1200mV 0C Model Minimum Pulse Width 'clk'
Slack : -1.487
TNS   : -1.487

Type  : Fast 1200mV 0C Model Setup 'CLOCK'
Slack : -1.419
TNS   : -32.315

Type  : Fast 1200mV 0C Model Setup 'clk'
Slack : 0.626
TNS   : 0.000

Type  : Fast 1200mV 0C Model Hold 'clk'
Slack : 0.208
TNS   : 0.000

Type  : Fast 1200mV 0C Model Hold 'CLOCK'
Slack : 0.303
TNS   : 0.000

Type  : Fast 1200mV 0C Model Minimum Pulse Width 'CLOCK'
Slack : -3.000
TNS   : -38.095

Type  : Fast 1200mV 0C Model Minimum Pulse Width 'clk'
Slack : -1.000
TNS   : -1.000

------------------------------------------------------------
